Component: ARM Compiler 5.05 update 1 (build 106) Tool: armlink [4d0efa]

==============================================================================

Section Cross References

    main.o(.text) refers to _printf_percent.o(.ARM.Collect$$_printf_percent$$00000000) for _printf_percent
    main.o(.text) refers to _printf_d.o(.ARM.Collect$$_printf_percent$$00000009) for _printf_d
    main.o(.text) refers to _printf_dec.o(.text) for _printf_int_dec
    main.o(.text) refers to _printf_pad.o(.text) for _printf_pre_padding
    main.o(.text) refers to _printf_x.o(.ARM.Collect$$_printf_percent$$0000000C) for _printf_x
    main.o(.text) refers to _printf_hex_int.o(.text) for _printf_longlong_hex
    main.o(.text) refers to noretval__2printf.o(.text) for __2printf
    main.o(.text) refers to exfuns.o(.text) for exf_getfree
    main.o(.text) refers to oled_i2c.o(.text) for OLED_ShowStr
    main.o(.text) refers to mp3player.o(.text) for mp3_play
    main.o(.text) refers to usb_hcd.o(.text) for HCD_IsDeviceConnected
    main.o(.text) refers to misc.o(.text) for NVIC_PriorityGroupConfig
    main.o(.text) refers to delay.o(.text) for delay_init
    main.o(.text) refers to usart.o(.text) for uart_init
    main.o(.text) refers to led.o(.text) for LED_Init
    main.o(.text) refers to malloc.o(.text) for my_mem_init
    main.o(.text) refers to vs10xx.o(.text) for VS_Init
    main.o(.text) refers to ff.o(.text) for f_mount
    main.o(.text) refers to key.o(.text) for KEY_Init
    main.o(.text) refers to usbh_core.o(.text) for USBH_Init
    main.o(.text) refers to main.o(.bss) for USB_OTG_Core
    main.o(.text) refers to exfuns.o(.bss) for fs
    main.o(.text) refers to usbh_usr.o(.data) for USR_Callbacks
    main.o(.text) refers to usbh_msc_core.o(.data) for USBH_MSC_cb
    system_stm32f4xx.o(.text) refers to system_stm32f4xx.o(.data) for SystemCoreClock
    led.o(.text) refers to stm32f4xx_rcc.o(.text) for RCC_AHB1PeriphClockCmd
    led.o(.text) refers to stm32f4xx_gpio.o(.text) for GPIO_Init
    key.o(.text) refers to stm32f4xx_rcc.o(.text) for RCC_AHB1PeriphClockCmd
    key.o(.text) refers to stm32f4xx_gpio.o(.text) for GPIO_Init
    key.o(.text) refers to delay.o(.text) for delay_ms
    key.o(.text) refers to key.o(.data) for key_up
    spi.o(.text) refers to stm32f4xx_spi.o(.text) for SPI_I2S_GetFlagStatus
    spi.o(.text) refers to stm32f4xx_rcc.o(.text) for RCC_AHB1PeriphClockCmd
    spi.o(.text) refers to stm32f4xx_gpio.o(.text) for GPIO_Init
    vs10xx.o(.text) refers to spi.o(.text) for SPI1_ReadWriteByte
    vs10xx.o(.text) refers to stm32f4xx_rcc.o(.text) for RCC_AHB1PeriphClockCmd
    vs10xx.o(.text) refers to stm32f4xx_gpio.o(.text) for GPIO_Init
    vs10xx.o(.text) refers to delay.o(.text) for delay_ms
    vs10xx.o(.text) refers to vs10xx.o(.constdata) for bitrate
    vs10xx.o(.text) refers to vs10xx.o(.data) for vsset
    timer.o(.text) refers to stm32f4xx_rcc.o(.text) for RCC_APB1PeriphClockCmd
    timer.o(.text) refers to stm32f4xx_tim.o(.text) for TIM_TimeBaseInit
    timer.o(.text) refers to misc.o(.text) for NVIC_Init
    sdio_sdcard.o(.text) refers to stm32f4xx_sdio.o(.text) for SDIO_GetFlagStatus
    sdio_sdcard.o(.text) refers to sdio_sdcard.o(.data) for DeviceMode
    sdio_sdcard.o(.text) refers to sdio_sdcard.o(.bss) for SDIO_CmdInitStructure
    sdio_sdcard.o(.text) refers to stm32f4xx_rcc.o(.text) for RCC_AHB1PeriphClockCmd
    sdio_sdcard.o(.text) refers to stm32f4xx_gpio.o(.text) for GPIO_Init
    sdio_sdcard.o(.text) refers to misc.o(.text) for NVIC_Init
    sdio_sdcard.o(.text) refers to stm32f4xx_dma.o(.text) for DMA_GetCmdStatus
    sdio_sdcard.o(.text) refers to sys.o(.emb_text) for INTX_DISABLE
    sdio_sdcard.o(.text) refers to rt_memcpy_v6.o(.text) for __aeabi_memcpy
    oled_i2c.o(.text) refers to stm32f4xx_rcc.o(.text) for RCC_AHB1PeriphClockCmd
    oled_i2c.o(.text) refers to stm32f4xx_gpio.o(.text) for GPIO_Init
    oled_i2c.o(.text) refers to delay.o(.text) for delay_us
    oled_i2c.o(.text) refers to oled_i2c.o(.constdata) for F6x8
    oled_i2c.o(.text) refers to oled_i2c.o(.data) for F16x16
    delay.o(.text) refers to misc.o(.text) for SysTick_CLKSourceConfig
    delay.o(.text) refers to delay.o(.data) for fac_us
    usart.o(.rev16_text) refers (Special) to use_no_semi_2.o(.text) for __use_no_semihosting
    usart.o(.revsh_text) refers (Special) to use_no_semi_2.o(.text) for __use_no_semihosting
    usart.o(.text) refers (Special) to use_no_semi_2.o(.text) for __use_no_semihosting
    usart.o(.text) refers to stm32f4xx_rcc.o(.text) for RCC_AHB1PeriphClockCmd
    usart.o(.text) refers to stm32f4xx_gpio.o(.text) for GPIO_PinAFConfig
    usart.o(.text) refers to stm32f4xx_usart.o(.text) for USART_Init
    usart.o(.text) refers to misc.o(.text) for NVIC_Init
    usart.o(.text) refers to usart.o(.data) for USART_RX_STA
    usart.o(.text) refers to usart.o(.bss) for USART_RX_BUF
    usart.o(.bss) refers (Special) to use_no_semi_2.o(.text) for __use_no_semihosting
[...]
    VS_Get_ByteRate                          0x08000ebd   Thumb Code    12  vs10xx.o(.text)
    VS_Get_EndFillByte                       0x08000ec9   Thumb Code    12  vs10xx.o(.text)
    VS_Send_MusicData                        0x08000ed5   Thumb Code    50  vs10xx.o(.text)
    VS_Restart_Play                          0x08000f07   Thumb Code   182  vs10xx.o(.text)
    VS_Reset_DecodeTime                      0x08000fbd   Thumb Code    20  vs10xx.o(.text)
    VS_Get_DecodeTime                        0x08000fd1   Thumb Code    16  vs10xx.o(.text)
    VS_Load_Patch                            0x08000fe1   Thumb Code   112  vs10xx.o(.text)
    VS_Set_Vol                               0x08001051   Thumb Code    38  vs10xx.o(.text)
    VS_Set_Bass                              0x08001077   Thumb Code   102  vs10xx.o(.text)
    VS_Set_Effect                            0x080010dd   Thumb Code    54  vs10xx.o(.text)
    VS_SPK_Set                               0x08001113   Thumb Code    26  vs10xx.o(.text)
    VS_Set_All                               0x0800112d   Thumb Code    42  vs10xx.o(.text)
    TIM3_Int_Init                            0x08001169   Thumb Code    88  timer.o(.text)
    TIM3_IRQHandler                          0x080011c1   Thumb Code    20  timer.o(.text)
    SDIO_Register_Deinit                     0x080011d9   Thumb Code    48  sdio_sdcard.o(.text)
    SD_SetDeviceMode                         0x08001209   Thumb Code    20  sdio_sdcard.o(.text)
    SDIO_Clock_Set                           0x0800121d   Thumb Code    18  sdio_sdcard.o(.text)
    CmdResp1Error                            0x0800122f   Thumb Code    96  sdio_sdcard.o(.text)
    FindSCR                                  0x0800128f   Thumb Code   390  sdio_sdcard.o(.text)
    SDEnWideBus                              0x08001415   Thumb Code   160  sdio_sdcard.o(.text)
    SD_EnableWideBusOperation                0x080014b5   Thumb Code    98  sdio_sdcard.o(.text)
    SD_SelectDeselect                        0x08001517   Thumb Code    42  sdio_sdcard.o(.text)
    SD_GetCardInfo                           0x08001541   Thumb Code   806  sdio_sdcard.o(.text)
    CmdResp2Error                            0x08001867   Thumb Code    80  sdio_sdcard.o(.text)
    CmdResp6Error                            0x080018b7   Thumb Code   144  sdio_sdcard.o(.text)
    SD_InitializeCards                       0x08001947   Thumb Code   354  sdio_sdcard.o(.text)
    CmdResp3Error                            0x08001aa9   Thumb Code    52  sdio_sdcard.o(.text)
    CmdResp7Error                            0x08001add   Thumb Code    72  sdio_sdcard.o(.text)
    CmdError                                 0x08001b25   Thumb Code    48  sdio_sdcard.o(.text)
    SD_PowerON                               0x08001b55   Thumb Code   460  sdio_sdcard.o(.text)
    SD_Init                                  0x08001d21   Thumb Code   334  sdio_sdcard.o(.text)
    SD_PowerOFF                              0x08001e6f   Thumb Code    12  sdio_sdcard.o(.text)
    SD_DMA_Config                            0x08001e7b   Thumb Code   118  sdio_sdcard.o(.text)
    convert_from_bytes_to_power_of_two       0x08001ef1   Thumb Code    18  sdio_sdcard.o(.text)
    SD_ReadBlock                             0x08001f03   Thumb Code   578  sdio_sdcard.o(.text)
    SD_ReadMultiBlocks                       0x08002145   Thumb Code   762  sdio_sdcard.o(.text)
    IsCardProgramming                        0x0800243f   Thumb Code   150  sdio_sdcard.o(.text)
    SD_WriteBlock                            0x080024d5   Thumb Code   914  sdio_sdcard.o(.text)
    SD_WriteMultiBlocks                      0x08002867   Thumb Code   976  sdio_sdcard.o(.text)
    SD_ProcessIRQSrc                         0x08002c37   Thumb Code   322  sdio_sdcard.o(.text)
    SDIO_IRQHandler                          0x08002d79   Thumb Code     8  sdio_sdcard.o(.text)
    SD_SendStatus                            0x08002d81   Thumb Code    74  sdio_sdcard.o(.text)
    SD_GetState                              0x08002dcb   Thumb Code    26  sdio_sdcard.o(.text)
    SD_ReadDisk                              0x08002de5   Thumb Code   188  sdio_sdcard.o(.text)
    SD_WriteDisk                             0x08002ea1   Thumb Code   148  sdio_sdcard.o(.text)
    IIC_Init                                 0x08002f39   Thumb Code    84  oled_i2c.o(.text)
    IIC_Start                                0x08002f8d   Thumb Code    64  oled_i2c.o(.text)
    IIC_Stop                                 0x08002fcd   Thumb Code    62  oled_i2c.o(.text)
    IIC_Wait_Ack                             0x0800300b   Thumb Code    80  oled_i2c.o(.text)
    IIC_Ack                                  0x0800305b   Thumb Code    66  oled_i2c.o(.text)
    IIC_NAck                                 0x0800309d   Thumb Code    66  oled_i2c.o(.text)
    IIC_Send_Byte                            0x080030df   Thumb Code   100  oled_i2c.o(.text)
    IIC_Read_Byte                            0x08003143   Thumb Code    94  oled_i2c.o(.text)
    WriteDat                                 0x080031a1   Thumb Code    44  oled_i2c.o(.text)
    WriteCmd                                 0x080031cd   Thumb Code    54  oled_i2c.o(.text)
    OLED_SetPos                              0x08003203   Thumb Code    40  oled_i2c.o(.text)
    OLED_Fill                                0x0800322b   Thumb Code    58  oled_i2c.o(.text)
    OLED_Init                                0x08003265   Thumb Code   198  oled_i2c.o(.text)
    OLED_CLS                                 0x0800332b   Thumb Code    10  oled_i2c.o(.text)
    OLED_ON                                  0x08003335   Thumb Code    48  oled_i2c.o(.text)
    OLED_OFF                                 0x08003365   Thumb Code    22  oled_i2c.o(.text)
    OLED_ShowStr                             0x0800337b   Thumb Code   228  oled_i2c.o(.text)
    OLED_ShowCN                              0x0800345f   Thumb Code    80  oled_i2c.o(.text)
    OLED_DrawBMP                             0x080034af   Thumb Code   116  oled_i2c.o(.text)
    OLED_num8                                0x08003523   Thumb Code    84  oled_i2c.o(.text)
    OLED_num8_2                              0x08003577   Thumb Code    70  oled_i2c.o(.text)
    OLED_num16                               0x080035bd   Thumb Code   134  oled_i2c.o(.text)
    OLED_num32                               0x08003643   Thumb Code   226  oled_i2c.o(.text)
    OLED_float                               0x08003725   Thumb Code   274  oled_i2c.o(.text)
    delay_init                               0x08003839   Thumb Code    52  delay.o(.text)
    delay_us                                 0x0800386d   Thumb Code    72  delay.o(.text)
    delay_xms                                0x080038b5   Thumb Code    72  delay.o(.text)
    delay_ms                                 0x080038fd   Thumb Code    56  delay.o(.text)
    _sys_exit                                0x0800393d   Thumb Code     4  usart.o(.text)
    fputc                                    0x08003941   Thumb Code    22  usart.o(.text)
    uart_init                                0x08003957   Thumb Code   164  usart.o(.text)
    USART1_IRQHandler                        0x080039fb   Thumb Code   122  usart.o(.text)
    Reset_Handler                            0x08003a85   Thumb Code     8  startup_stm32f40_41xxx.o(.text)
    ADC_IRQHandler                           0x08003a9f   Thumb Code     0  startup_stm32f40_41xxx.o(.text)
    CAN1_RX0_IRQHandler                      0x08003a9f   Thumb Code     0  startup_stm32f40_41xxx.o(.text)
    CAN1_RX1_IRQHandler                      0x08003a9f   Thumb Code     0  startup_stm32f40_41xxx.o(.text)
    CAN1_SCE_IRQHandler                      0x08003a9f   Thumb Code     0  startup_stm32f40_41xxx.o(.text)
    CAN1_TX_IRQHandler                       0x08003a9f   Thumb Code     0  startup_stm32f40_41xxx.o(.text)
    CAN2_RX0_IRQHandler                      0x08003a9f   Thumb Code     0  startup_stm32f40_41xxx.o(.text)
    CAN2_RX1_IRQHandler                      0x08003a9f   Thumb Code     0  startup_stm32f40_41xxx.o(.text)
    CAN2_SCE_IRQHandler                      0x08003a9f   Thumb Code     0  startup_stm32f40_41xxx.o(.text)
    CAN2_TX_IRQHandler                       0x08003a9f   Thumb Code     0  startup_stm32f40_41xxx.o(.text)
    CRYP_IRQHandler                          0x08003a9f   Thumb Code     0  startup_stm32f40_41xxx.o(.text)
    DCMI_IRQHandler                          0x08003a9f   Thumb Code     0  startup_stm32f40_41xxx.o(.text)
    DMA1_Stream0_IRQHandler                  0x08003a9f   Thumb Code     0  startup_stm32f40_41xxx.o(.text)
    DMA1_Stream1_IRQHandler                  0x08003a9f   Thumb Code     0  startup_stm32f40_41xxx.o(.text)
    DMA1_Stream2_IRQHandler                  0x08003a9f   Thumb Code     0  startup_stm32f40_41xxx.o(.text)
    DMA1_Stream3_IRQHandler                  0x08003a9f   Thumb Code     0  startup_stm32f40_41xxx.o(.text)
    DMA1_Stream4_IRQHandler                  0x08003a9f   Thumb Code     0  startup_stm32f40_41xxx.o(.text)
    DMA1_Stream5_IRQHandler                  0x08003a9f   Thumb Code     0  startup_stm32f40_41xxx.o(.text)
    DMA1_Stream6_IRQHandler                  0x08003a9f   Thumb Code     0  startup_stm32f40_41xxx.o(.text)
    DMA1_Stream7_IRQHandler                  0x08003a9f   Thumb Code     0  startup_stm32f40_41xxx.o(.text)
    DMA2_Stream0_IRQHandler                  0x08003a9f   Thumb Code     0  startup_stm32f40_41xxx.o(.text)
    DMA2_Stream1_IRQHandler                  0x08003a9f   Thumb Code     0  startup_stm32f40_41xxx.o(.text)
    DMA2_Stream2_IRQHandler                  0x08003a9f   Thumb Code     0  startup_stm32f40_41xxx.o(.text)
    DMA2_Stream3_IRQHandler                  0x08003a9f   Thumb Code     0  startup_stm32f40_41xxx.o(.text)
    DMA2_Stream4_IRQHandler                  0x08003a9f   Thumb Code     0  startup_stm32f40_41xxx.o(.text)
    DMA2_Stream5_IRQHandler                  0x08003a9f   Thumb Code     0  startup_stm32f40_41xxx.o(.text)
    DMA2_Stream6_IRQHandler                  0x08003a9f   Thumb Code     0  startup_stm32f40_41xxx.o(.text)
    DMA2_Stream7_IRQHandler                  0x08003a9f   Thumb Code     0  startup_stm32f40_41xxx.o(.text)
    ETH_IRQHandler                           0x08003a9f   Thumb Code     0  startup_stm32f40_41xxx.o(.text)
    ETH_WKUP_IRQHandler                      0x08003a9f   Thumb Code     0  startup_stm32f40_41xxx.o(.text)
    EXTI0_IRQHandler                         0x08003a9f   Thumb Code     0  startup_stm32f40_41xxx.o(.text)
    EXTI15_10_IRQHandler                     0x08003a9f   Thumb Code     0  startup_stm32f40_41xxx.o(.text)
    EXTI1_IRQHandler                         0x08003a9f   Thumb Code     0  startup_stm32f40_41xxx.o(.text)
    EXTI2_IRQHandler                         0x08003a9f   Thumb Code     0  startup_stm32f40_41xxx.o(.text)
    EXTI3_IRQHandler                         0x08003a9f   Thumb Code     0  startup_stm32f40_41xxx.o(.text)
    EXTI4_IRQHandler                         0x08003a9f   Thumb Code     0  startup_stm32f40_41xxx.o(.text)
    EXTI9_5_IRQHandler                       0x08003a9f   Thumb Code     0  startup_stm32f40_41xxx.o(.text)
    FLASH_IRQHandler                         0x08003a9f   Thumb Code     0  startup_stm32f40_41xxx.o(.text)
    FPU_IRQHandler                           0x08003a9f   Thumb Code     0  startup_stm32f40_41xxx.o(.text)
    FSMC_IRQHandler                          0x08003a9f   Thumb Code     0  startup_stm32f40_41xxx.o(.text)
    HASH_RNG_IRQHandler                      0x08003a9f   Thumb Code     0  startup_stm32f40_41xxx.o(.text)
    I2C1_ER_IRQHandler                       0x08003a9f   Thumb Code     0  startup_stm32f40_41xxx.o(.text)
    I2C1_EV_IRQHandler                       0x08003a9f   Thumb Code     0  startup_stm32f40_41xxx.o(.text)
    I2C2_ER_IRQHandler                       0x08003a9f   Thumb Code     0  startup_stm32f40_41xxx.o(.text)
    I2C2_EV_IRQHandler                       0x08003a9f   Thumb Code     0  startup_stm32f40_41xxx.o(.text)
    I2C3_ER_IRQHandler                       0x08003a9f   Thumb Code     0  startup_stm32f40_41xxx.o(.text)
    I2C3_EV_IRQHandler                       0x08003a9f   Thumb Code     0  startup_stm32f40_41xxx.o(.text)
    OTG_FS_WKUP_IRQHandler                   0x08003a9f   Thumb Code     0  startup_stm32f40_41xxx.o(.text)
    OTG_HS_EP1_IN_IRQHandler                 0x08003a9f   Thumb Code     0  startup_stm32f40_41xxx.o(.text)
    OTG_HS_EP1_OUT_IRQHandler                0x08003a9f   Thumb Code     0  startup_stm32f40_41xxx.o(.text)
    OTG_HS_IRQHandler                        0x08003a9f   Thumb Code     0  startup_stm32f40_41xxx.o(.text)
    OTG_HS_WKUP_IRQHandler                   0x08003a9f   Thumb Code     0  startup_stm32f40_41xxx.o(.text)
    PVD_IRQHandler                           0x08003a9f   Thumb Code     0  startup_stm32f40_41xxx.o(.text)
    RCC_IRQHandler                           0x08003a9f   Thumb Code     0  startup_stm32f40_41xxx.o(.text)
    RTC_Alarm_IRQHandler                     0x08003a9f   Thumb Code     0  startup_stm32f40_41xxx.o(.text)
    RTC_WKUP_IRQHandler                      0x08003a9f   Thumb Code     0  startup_stm32f40_41xxx.o(.text)
    SPI1_IRQHandler                          0x08003a9f   Thumb Code     0  startup_stm32f40_41xxx.o(.text)
    SPI2_IRQHandler                          0x08003a9f   Thumb Code     0  startup_stm32f40_41xxx.o(.text)
    SPI3_IRQHandler                          0x08003a9f   Thumb Code     0  startup_stm32f40_41xxx.o(.text)
    TAMP_STAMP_IRQHandler                    0x08003a9f   Thumb Code     0  startup_stm32f40_41xxx.o(.text)
    TIM1_BRK_TIM9_IRQHandler                 0x08003a9f   Thumb Code     0  startup_stm32f40_41xxx.o(.text)
    TIM1_CC_IRQHandler                       0x08003a9f   Thumb Code     0  startup_stm32f40_41xxx.o(.text)
    TIM1_TRG_COM_TIM11_IRQHandler            0x08003a9f   Thumb Code     0  startup_stm32f40_41xxx.o(.text)
    TIM1_UP_TIM10_IRQHandler                 0x08003a9f   Thumb Code     0  startup_stm32f40_41xxx.o(.text)
    TIM2_IRQHandler                          0x08003a9f   Thumb Code     0  startup_stm32f40_41xxx.o(.text)
    TIM4_IRQHandler                          0x08003a9f   Thumb Code     0  startup_stm32f40_41xxx.o(.text)
    TIM5_IRQHandler                          0x08003a9f   Thumb Code     0  startup_stm32f40_41xxx.o(.text)
    TIM6_DAC_IRQHandler                      0x08003a9f   Thumb Code     0  startup_stm32f40_41xxx.o(.text)
    TIM7_IRQHandler                          0x08003a9f   Thumb Code     0  startup_stm32f40_41xxx.o(.text)
    TIM8_BRK_TIM12_IRQHandler                0x08003a9f   Thumb Code     0  startup_stm32f40_41xxx.o(.text)
    TIM8_CC_IRQHandler                       0x08003a9f   Thumb Code     0  startup_stm32f40_41xxx.o(.text)
    TIM8_TRG_COM_TIM14_IRQHandler            0x08003a9f   Thumb Code     0  startup_stm32f40_41xxx.o(.text)
    TIM8_UP_TIM13_IRQHandler                 0x08003a9f   Thumb Code     0  startup_stm32f40_41xxx.o(.text)
    UART4_IRQHandler                         0x08003a9f   Thumb Code     0  startup_stm32f40_41xxx.o(.text)
    UART5_IRQHandler                         0x08003a9f   Thumb Code     0  startup_stm32f40_41xxx.o(.text)
    USART2_IRQHandler                        0x08003a9f   Thumb Code     0  startup_stm32f40_41xxx.o(.text)
    USART3_IRQHandler                        0x08003a9f   Thumb Code     0  startup_stm32f40_41xxx.o(.text)
    USART6_IRQHandler                        0x08003a9f   Thumb Code     0  startup_stm32f40_41xxx.o(.text)
    WWDG_IRQHandler                          0x08003a9f   Thumb Code     0  startup_stm32f40_41xxx.o(.text)
    __user_initial_stackheap                 0x08003aa1   Thumb Code     0  startup_stm32f40_41xxx.o(.text)
    NVIC_PriorityGroupConfig                 0x08003ac5   Thumb Code    10  misc.o(.text)
    NVIC_Init                                0x08003acf   Thumb Code   106  misc.o(.text)
    NVIC_SetVectorTable                      0x08003b39   Thumb Code    14  misc.o(.text)
    NVIC_SystemLPConfig                      0x08003b47   Thumb Code    34  misc.o(.text)
    SysTick_CLKSourceConfig                  0x08003b69   Thumb Code    40  misc.o(.text)
    DMA_DeInit                               0x08003ba5   Thumb Code   324  stm32f4xx_dma.o(.text)
    DMA_Init                                 0x08003ce9   Thumb Code    82  stm32f4xx_dma.o(.text)
    DMA_StructInit                           0x08003d3b   Thumb Code    34  stm32f4xx_dma.o(.text)
    DMA_Cmd                                  0x08003d5d   Thumb Code    22  stm32f4xx_dma.o(.text)
    DMA_PeriphIncOffsetSizeConfig            0x08003d73   Thumb Code    22  stm32f4xx_dma.o(.text)
    DMA_FlowControllerConfig                 0x08003d89   Thumb Code    22  stm32f4xx_dma.o(.text)
    DMA_SetCurrDataCounter                   0x08003d9f   Thumb Code     4  stm32f4xx_dma.o(.text)
    DMA_GetCurrDataCounter                   0x08003da3   Thumb Code     8  stm32f4xx_dma.o(.text)
    DMA_DoubleBufferModeConfig               0x08003dab   Thumb Code    24  stm32f4xx_dma.o(.text)
    DMA_DoubleBufferModeCmd                  0x08003dc3   Thumb Code    22  stm32f4xx_dma.o(.text)
    DMA_MemoryTargetConfig                   0x08003dd9   Thumb Code    10  stm32f4xx_dma.o(.text)
    DMA_GetCurrentMemoryTarget               0x08003de3   Thumb Code    20  stm32f4xx_dma.o(.text)
    DMA_GetCmdStatus                         0x08003df7   Thumb Code    20  stm32f4xx_dma.o(.text)
    DMA_GetFIFOStatus                        0x08003e0b   Thumb Code    12  stm32f4xx_dma.o(.text)
    DMA_GetFlagStatus                        0x08003e17   Thumb Code    56  stm32f4xx_dma.o(.text)
    DMA_ClearFlag                            0x08003e4f   Thumb Code    40  stm32f4xx_dma.o(.text)
    DMA_ITConfig                             0x08003e77   Thumb Code    58  stm32f4xx_dma.o(.text)
    DMA_GetITStatus                          0x08003eb1   Thumb Code    84  stm32f4xx_dma.o(.text)
    DMA_ClearITPendingBit                    0x08003f05   Thumb Code    40  stm32f4xx_dma.o(.text)
    GPIO_DeInit                              0x08003f4d   Thumb Code   268  stm32f4xx_gpio.o(.text)
    GPIO_Init                                0x08004059   Thumb Code   144  stm32f4xx_gpio.o(.text)
    GPIO_StructInit                          0x080040e9   Thumb Code    18  stm32f4xx_gpio.o(.text)
    GPIO_PinLockConfig                       0x080040fb   Thumb Code    34  stm32f4xx_gpio.o(.text)
    GPIO_ReadInputDataBit                    0x0800411d   Thumb Code    18  stm32f4xx_gpio.o(.text)
    GPIO_ReadInputData                       0x0800412f   Thumb Code     8  stm32f4xx_gpio.o(.text)
    GPIO_ReadOutputDataBit                   0x08004137   Thumb Code    18  stm32f4xx_gpio.o(.text)
    GPIO_ReadOutputData                      0x08004149   Thumb Code     8  stm32f4xx_gpio.o(.text)
    GPIO_SetBits                             0x08004151   Thumb Code     4  stm32f4xx_gpio.o(.text)
    GPIO_ResetBits                           0x08004155   Thumb Code     4  stm32f4xx_gpio.o(.text)
    GPIO_WriteBit                            0x08004159   Thumb Code    10  stm32f4xx_gpio.o(.text)
    GPIO_Write                               0x08004163   Thumb Code     4  stm32f4xx_gpio.o(.text)
    GPIO_ToggleBits                          0x08004167   Thumb Code     8  stm32f4xx_gpio.o(.text)
    GPIO_PinAFConfig                         0x0800416f   Thumb Code    70  stm32f4xx_gpio.o(.text)
    RCC_DeInit                               0x080041e1   Thumb Code    82  stm32f4xx_rcc.o(.text)
    RCC_HSEConfig                            0x08004233   Thumb Code    14  stm32f4xx_rcc.o(.text)
    RCC_GetFlagStatus                        0x08004241   Thumb Code    60  stm32f4xx_rcc.o(.text)
    RCC_WaitForHSEStartUp                    0x0800427d   Thumb Code    56  stm32f4xx_rcc.o(.text)
    RCC_AdjustHSICalibrationValue            0x080042b5   Thumb Code    20  stm32f4xx_rcc.o(.text)
    RCC_HSICmd                               0x080042c9   Thumb Code     6  stm32f4xx_rcc.o(.text)
    RCC_LSEConfig                            0x080042cf   Thumb Code    46  stm32f4xx_rcc.o(.text)
    RCC_LSICmd                               0x080042fd   Thumb Code     6  stm32f4xx_rcc.o(.text)
    RCC_PLLConfig                            0x08004303   Thumb Code    32  stm32f4xx_rcc.o(.text)
    RCC_PLLCmd                               0x08004323   Thumb Code     6  stm32f4xx_rcc.o(.text)
    RCC_PLLI2SConfig                         0x08004329   Thumb Code    14  stm32f4xx_rcc.o(.text)
    RCC_PLLI2SCmd                            0x08004337   Thumb Code     6  stm32f4xx_rcc.o(.text)
    RCC_PLLSAIConfig                         0x0800433d   Thumb Code    20  stm32f4xx_rcc.o(.text)
    RCC_PLLSAICmd                            0x08004351   Thumb Code     6  stm32f4xx_rcc.o(.text)
    RCC_ClockSecuritySystemCmd               0x08004357   Thumb Code     6  stm32f4xx_rcc.o(.text)
    RCC_MCO1Config                           0x0800435d   Thumb Code    28  stm32f4xx_rcc.o(.text)
    RCC_MCO2Config                           0x08004379   Thumb Code    28  stm32f4xx_rcc.o(.text)
    RCC_SYSCLKConfig                         0x08004395   Thumb Code    20  stm32f4xx_rcc.o(.text)
    RCC_GetSYSCLKSource                      0x080043a9   Thumb Code    12  stm32f4xx_rcc.o(.text)
    RCC_HCLKConfig                           0x080043b5   Thumb Code    20  stm32f4xx_rcc.o(.text)
    RCC_PCLK1Config                          0x080043c9   Thumb Code    20  stm32f4xx_rcc.o(.text)
    RCC_PCLK2Config                          0x080043dd   Thumb Code    22  stm32f4xx_rcc.o(.text)
    RCC_GetClocksFreq                        0x080043f3   Thumb Code   222  stm32f4xx_rcc.o(.text)
    RCC_RTCCLKConfig                         0x080044d1   Thumb Code    54  stm32f4xx_rcc.o(.text)
    RCC_RTCCLKCmd                            0x08004507   Thumb Code     8  stm32f4xx_rcc.o(.text)
    RCC_BackupResetCmd                       0x0800450f   Thumb Code     8  stm32f4xx_rcc.o(.text)
    RCC_I2SCLKConfig                         0x08004517   Thumb Code     6  stm32f4xx_rcc.o(.text)
    RCC_SAIPLLI2SClkDivConfig                0x0800451d   Thumb Code    26  stm32f4xx_rcc.o(.text)
    RCC_SAIPLLSAIClkDivConfig                0x08004537   Thumb Code    28  stm32f4xx_rcc.o(.text)
    RCC_SAIBlockACLKConfig                   0x08004553   Thumb Code    20  stm32f4xx_rcc.o(.text)
    RCC_SAIBlockBCLKConfig                   0x08004567   Thumb Code    20  stm32f4xx_rcc.o(.text)
    RCC_LTDCCLKDivConfig                     0x0800457b   Thumb Code    20  stm32f4xx_rcc.o(.text)
    RCC_TIMCLKPresConfig                     0x0800458f   Thumb Code     6  stm32f4xx_rcc.o(.text)
    RCC_AHB1PeriphClockCmd                   0x08004595   Thumb Code    34  stm32f4xx_rcc.o(.text)
    RCC_AHB2PeriphClockCmd                   0x080045b7   Thumb Code    78  stm32f4xx_rcc.o(.text)
    RCC_AHB3PeriphClockCmd                   0x08004605   Thumb Code    34  stm32f4xx_rcc.o(.text)
    RCC_APB1PeriphClockCmd                   0x08004627   Thumb Code    34  stm32f4xx_rcc.o(.text)
    RCC_APB2PeriphClockCmd                   0x08004649   Thumb Code    34  stm32f4xx_rcc.o(.text)
    RCC_AHB1PeriphResetCmd                   0x0800466b   Thumb Code    34  stm32f4xx_rcc.o(.text)
    RCC_AHB2PeriphResetCmd                   0x0800468d   Thumb Code    34  stm32f4xx_rcc.o(.text)
    RCC_AHB3PeriphResetCmd                   0x080046af   Thumb Code    34  stm32f4xx_rcc.o(.text)
    RCC_APB1PeriphResetCmd                   0x080046d1   Thumb Code    34  stm32f4xx_rcc.o(.text)
    RCC_APB2PeriphResetCmd                   0x080046f3   Thumb Code    34  stm32f4xx_rcc.o(.text)
    RCC_AHB1PeriphClockLPModeCmd             0x08004715   Thumb Code    34  stm32f4xx_rcc.o(.text)
    RCC_AHB2PeriphClockLPModeCmd             0x08004737   Thumb Code    34  stm32f4xx_rcc.o(.text)
    RCC_AHB3PeriphClockLPModeCmd             0x08004759   Thumb Code    34  stm32f4xx_rcc.o(.text)
    RCC_APB1PeriphClockLPModeCmd             0x0800477b   Thumb Code    34  stm32f4xx_rcc.o(.text)
    RCC_APB2PeriphClockLPModeCmd             0x0800479d   Thumb Code    34  stm32f4xx_rcc.o(.text)
    RCC_LSEModeConfig                        0x080047bf   Thumb Code    40  stm32f4xx_rcc.o(.text)
    RCC_ITConfig                             0x080047e7   Thumb Code    34  stm32f4xx_rcc.o(.text)
    RCC_ClearFlag                            0x08004809   Thumb Code    18  stm32f4xx_rcc.o(.text)
    RCC_GetITStatus                          0x0800481b   Thumb Code    22  stm32f4xx_rcc.o(.text)
    RCC_ClearITPendingBit                    0x08004831   Thumb Code     8  stm32f4xx_rcc.o(.text)
    SDIO_DeInit                              0x0800483d   Thumb Code    22  stm32f4xx_sdio.o(.text)
    SDIO_Init                                0x08004853   Thumb Code    42  stm32f4xx_sdio.o(.text)
    SDIO_StructInit                          0x0800487d   Thumb Code    16  stm32f4xx_sdio.o(.text)
    SDIO_ClockCmd                            0x0800488d   Thumb Code     6  stm32f4xx_sdio.o(.text)
    SDIO_SetPowerState                       0x08004893   Thumb Code     8  stm32f4xx_sdio.o(.text)
    SDIO_GetPowerState                       0x0800489b   Thumb Code    12  stm32f4xx_sdio.o(.text)
    SDIO_SendCommand                         0x080048a7   Thumb Code    42  stm32f4xx_sdio.o(.text)
    SDIO_CmdStructInit                       0x080048d1   Thumb Code    14  stm32f4xx_sdio.o(.text)
    SDIO_GetCommandResponse                  0x080048df   Thumb Code    10  stm32f4xx_sdio.o(.text)
    SDIO_GetResponse                         0x080048e9   Thumb Code    22  stm32f4xx_sdio.o(.text)
    SDIO_DataConfig                          0x080048ff   Thumb Code    48  stm32f4xx_sdio.o(.text)
    SDIO_DataStructInit                      0x0800492f   Thumb Code    20  stm32f4xx_sdio.o(.text)
    SDIO_GetDataCounter                      0x08004943   Thumb Code     8  stm32f4xx_sdio.o(.text)
    SDIO_ReadData                            0x0800494b   Thumb Code     8  stm32f4xx_sdio.o(.text)
    SDIO_WriteData                           0x08004953   Thumb Code     8  stm32f4xx_sdio.o(.text)
    SDIO_GetFIFOCount                        0x0800495b   Thumb Code     8  stm32f4xx_sdio.o(.text)
    SDIO_StartSDIOReadWait                   0x08004963   Thumb Code     6  stm32f4xx_sdio.o(.text)
    SDIO_StopSDIOReadWait                    0x08004969   Thumb Code     8  stm32f4xx_sdio.o(.text)
    SDIO_SetSDIOReadWaitMode                 0x08004971   Thumb Code     8  stm32f4xx_sdio.o(.text)
    SDIO_SetSDIOOperation                    0x08004979   Thumb Code     8  stm32f4xx_sdio.o(.text)
    SDIO_SendSDIOSuspendCmd                  0x08004981   Thumb Code     6  stm32f4xx_sdio.o(.text)
    SDIO_CommandCompletionCmd                0x08004987   Thumb Code     8  stm32f4xx_sdio.o(.text)
    SDIO_CEATAITCmd                          0x0800498f   Thumb Code    12  stm32f4xx_sdio.o(.text)
    SDIO_SendCEATACmd                        0x0800499b   Thumb Code     8  stm32f4xx_sdio.o(.text)
    SDIO_DMACmd                              0x080049a3   Thumb Code     8  stm32f4xx_sdio.o(.text)
    SDIO_ITConfig                            0x080049ab   Thumb Code    34  stm32f4xx_sdio.o(.text)
    SDIO_GetFlagStatus                       0x080049cd   Thumb Code    22  stm32f4xx_sdio.o(.text)
    SDIO_ClearFlag                           0x080049e3   Thumb Code     8  stm32f4xx_sdio.o(.text)
    SDIO_GetITStatus                         0x080049eb   Thumb Code    22  stm32f4xx_sdio.o(.text)
    SDIO_ClearITPendingBit                   0x08004a01   Thumb Code     8  stm32f4xx_sdio.o(.text)
    USART_DeInit                             0x08004a19   Thumb Code   206  stm32f4xx_usart.o(.text)
    USART_Init                               0x08004ae7   Thumb Code   204  stm32f4xx_usart.o(.text)
    USART_StructInit                         0x08004bb3   Thumb Code    24  stm32f4xx_usart.o(.text)
    USART_ClockInit                          0x08004bcb   Thumb Code    32  stm32f4xx_usart.o(.text)
    USART_ClockStructInit                    0x08004beb   Thumb Code    12  stm32f4xx_usart.o(.text)
    USART_Cmd                                0x08004bf7   Thumb Code    24  stm32f4xx_usart.o(.text)
    USART_SetPrescaler                       0x08004c0f   Thumb Code    16  stm32f4xx_usart.o(.text)
    USART_OverSampling8Cmd                   0x08004c1f   Thumb Code    22  stm32f4xx_usart.o(.text)
    USART_OneBitMethodCmd                    0x08004c35   Thumb Code    24  stm32f4xx_usart.o(.text)
    USART_SendData                           0x08004c4d   Thumb Code     8  stm32f4xx_usart.o(.text)
    USART_ReceiveData                        0x08004c55   Thumb Code    10  stm32f4xx_usart.o(.text)
    USART_SetAddress                         0x08004c5f   Thumb Code    18  stm32f4xx_usart.o(.text)
    USART_ReceiverWakeUpCmd                  0x08004c71   Thumb Code    24  stm32f4xx_usart.o(.text)
    USART_WakeUpConfig                       0x08004c89   Thumb Code    18  stm32f4xx_usart.o(.text)
    USART_LINBreakDetectLengthConfig         0x08004c9b   Thumb Code    18  stm32f4xx_usart.o(.text)
    USART_LINCmd                             0x08004cad   Thumb Code    24  stm32f4xx_usart.o(.text)
    USART_SendBreak                          0x08004cc5   Thumb Code    10  stm32f4xx_usart.o(.text)
    USART_HalfDuplexCmd                      0x08004ccf   Thumb Code    24  stm32f4xx_usart.o(.text)
    USART_SetGuardTime                       0x08004ce7   Thumb Code    16  stm32f4xx_usart.o(.text)
    USART_SmartCardCmd                       0x08004cf7   Thumb Code    24  stm32f4xx_usart.o(.text)
    USART_SmartCardNACKCmd                   0x08004d0f   Thumb Code    24  stm32f4xx_usart.o(.text)
    USART_IrDAConfig                         0x08004d27   Thumb Code    18  stm32f4xx_usart.o(.text)
    USART_IrDACmd                            0x08004d39   Thumb Code    24  stm32f4xx_usart.o(.text)
    USART_DMACmd                             0x08004d51   Thumb Code    18  stm32f4xx_usart.o(.text)
    USART_ITConfig                           0x08004d63   Thumb Code    74  stm32f4xx_usart.o(.text)
    USART_GetFlagStatus                      0x08004dad   Thumb Code    26  stm32f4xx_usart.o(.text)
    USART_ClearFlag                          0x08004dc7   Thumb Code    18  stm32f4xx_usart.o(.text)
    USART_GetITStatus                        0x08004dd9   Thumb Code   118  stm32f4xx_usart.o(.text)
    USART_ClearITPendingBit                  0x08004e4f   Thumb Code    30  stm32f4xx_usart.o(.text)
    SPI_I2S_DeInit                           0x08004e6d   Thumb Code   152  stm32f4xx_spi.o(.text)
    SPI_Init                                 0x08004f05   Thumb Code    60  stm32f4xx_spi.o(.text)
    I2S_Init                                 0x08004f41   Thumb Code   396  stm32f4xx_spi.o(.text)
    SPI_StructInit                           0x080050cd   Thumb Code    24  stm32f4xx_spi.o(.text)
    I2S_StructInit                           0x080050e5   Thumb Code    20  stm32f4xx_spi.o(.text)
    SPI_Cmd                                  0x080050f9   Thumb Code    24  stm32f4xx_spi.o(.text)
    I2S_Cmd                                  0x08005111   Thumb Code    24  stm32f4xx_spi.o(.text)
    SPI_DataSizeConfig                       0x08005129   Thumb Code    18  stm32f4xx_spi.o(.text)
    SPI_BiDirectionalLineConfig              0x0800513b   Thumb Code    28  stm32f4xx_spi.o(.text)
    SPI_NSSInternalSoftwareConfig            0x08005157   Thumb Code    30  stm32f4xx_spi.o(.text)
    SPI_SSOutputCmd                          0x08005175   Thumb Code    24  stm32f4xx_spi.o(.text)
    SPI_TIModeCmd                            0x0800518d   Thumb Code    24  stm32f4xx_spi.o(.text)
    I2S_FullDuplexConfig                     0x080051a5   Thumb Code    80  stm32f4xx_spi.o(.text)
    SPI_I2S_ReceiveData                      0x080051f5   Thumb Code     6  stm32f4xx_spi.o(.text)
    SPI_I2S_SendData                         0x080051fb   Thumb Code     4  stm32f4xx_spi.o(.text)
    SPI_CalculateCRC                         0x080051ff   Thumb Code    24  stm32f4xx_spi.o(.text)
    SPI_TransmitCRC                          0x08005217   Thumb Code    10  stm32f4xx_spi.o(.text)
    SPI_GetCRC                               0x08005221   Thumb Code    16  stm32f4xx_spi.o(.text)
    SPI_GetCRCPolynomial                     0x08005231   Thumb Code     6  stm32f4xx_spi.o(.text)
    SPI_I2S_DMACmd                           0x08005237   Thumb Code    18  stm32f4xx_spi.o(.text)
    SPI_I2S_ITConfig                         0x08005249   Thumb Code    68  stm32f4xx_spi.o(.text)
    SPI_I2S_GetFlagStatus                    0x0800528d   Thumb Code    18  stm32f4xx_spi.o(.text)
    SPI_I2S_ClearFlag                        0x0800529f   Thumb Code     6  stm32f4xx_spi.o(.text)
    SPI_I2S_GetITStatus                      0x080052a5   Thumb Code    52  stm32f4xx_spi.o(.text)
    SPI_I2S_ClearITPendingBit                0x080052d9   Thumb Code    20  stm32f4xx_spi.o(.text)
    TIM_DeInit                               0x080052ed   Thumb Code   346  stm32f4xx_tim.o(.text)
    TIM_TimeBaseInit                         0x08005447   Thumb Code   104  stm32f4xx_tim.o(.text)
    TIM_TimeBaseStructInit                   0x080054af   Thumb Code    18  stm32f4xx_tim.o(.text)
    TIM_PrescalerConfig                      0x080054c1   Thumb Code     6  stm32f4xx_tim.o(.text)
    TIM_CounterModeConfig                    0x080054c7   Thumb Code    18  stm32f4xx_tim.o(.text)
    TIM_SetCounter                           0x080054d9   Thumb Code     4  stm32f4xx_tim.o(.text)
    TIM_SetAutoreload                        0x080054dd   Thumb Code     4  stm32f4xx_tim.o(.text)
    TIM_GetCounter                           0x080054e1   Thumb Code     6  stm32f4xx_tim.o(.text)
    TIM_GetPrescaler                         0x080054e7   Thumb Code     6  stm32f4xx_tim.o(.text)
    TIM_UpdateDisableConfig                  0x080054ed   Thumb Code    24  stm32f4xx_tim.o(.text)
    TIM_UpdateRequestConfig                  0x08005505   Thumb Code    24  stm32f4xx_tim.o(.text)
    TIM_ARRPreloadConfig                     0x0800551d   Thumb Code    24  stm32f4xx_tim.o(.text)
    TIM_SelectOnePulseMode                   0x08005535   Thumb Code    18  stm32f4xx_tim.o(.text)
    TIM_SetClockDivision                     0x08005547   Thumb Code    18  stm32f4xx_tim.o(.text)
    TIM_Cmd                                  0x08005559   Thumb Code    24  stm32f4xx_tim.o(.text)
    TIM_OC1Init                              0x08005571   Thumb Code   114  stm32f4xx_tim.o(.text)
    TIM_OC2Init                              0x080055e3   Thumb Code   154  stm32f4xx_tim.o(.text)
    TIM_OC3Init                              0x0800567d   Thumb Code   204  stm32f4xx_tim.o(.text)
    TIM_OC4Init                              0x08005749   Thumb Code   112  stm32f4xx_tim.o(.text)
    TIM_OCStructInit                         0x080057b9   Thumb Code    20  stm32f4xx_tim.o(.text)
    TIM_SelectOCxM                           0x080057cd   Thumb Code    86  stm32f4xx_tim.o(.text)
    TIM_SetCompare1                          0x08005823   Thumb Code     4  stm32f4xx_tim.o(.text)
    TIM_SetCompare2                          0x08005827   Thumb Code     4  stm32f4xx_tim.o(.text)
    TIM_SetCompare3                          0x0800582b   Thumb Code     4  stm32f4xx_tim.o(.text)
    TIM_SetCompare4                          0x0800582f   Thumb Code     4  stm32f4xx_tim.o(.text)
    TIM_ForcedOC1Config                      0x08005833   Thumb Code    18  stm32f4xx_tim.o(.text)
    TIM_ForcedOC2Config                      0x08005845   Thumb Code    26  stm32f4xx_tim.o(.text)
    TIM_ForcedOC3Config                      0x0800585f   Thumb Code    18  stm32f4xx_tim.o(.text)
    TIM_ForcedOC4Config                      0x08005871   Thumb Code    26  stm32f4xx_tim.o(.text)
    TIM_OC1PreloadConfig                     0x0800588b   Thumb Code    18  stm32f4xx_tim.o(.text)
    TIM_OC2PreloadConfig                     0x0800589d   Thumb Code    26  stm32f4xx_tim.o(.text)
    TIM_OC3PreloadConfig                     0x080058b7   Thumb Code    18  stm32f4xx_tim.o(.text)
    TIM_OC4PreloadConfig                     0x080058c9   Thumb Code    26  stm32f4xx_tim.o(.text)
    TIM_OC1FastConfig                        0x080058e3   Thumb Code    18  stm32f4xx_tim.o(.text)
    TIM_OC2FastConfig                        0x080058f5   Thumb Code    26  stm32f4xx_tim.o(.text)
    TIM_OC3FastConfig                        0x0800590f   Thumb Code    18  stm32f4xx_tim.o(.text)
    TIM_OC4FastConfig                        0x08005921   Thumb Code    26  stm32f4xx_tim.o(.text)
    TIM_ClearOC1Ref                          0x0800593b   Thumb Code    18  stm32f4xx_tim.o(.text)
    TIM_ClearOC2Ref                          0x0800594d   Thumb Code    24  stm32f4xx_tim.o(.text)
    TIM_ClearOC3Ref                          0x08005965   Thumb Code    18  stm32f4xx_tim.o(.text)
    TIM_ClearOC4Ref                          0x08005977   Thumb Code    24  stm32f4xx_tim.o(.text)
    TIM_OC1PolarityConfig                    0x0800598f   Thumb Code    18  stm32f4xx_tim.o(.text)
    TIM_OC1NPolarityConfig                   0x080059a1   Thumb Code    18  stm32f4xx_tim.o(.text)
    TIM_OC2PolarityConfig                    0x080059b3   Thumb Code    26  stm32f4xx_tim.o(.text)
    TIM_OC2NPolarityConfig                   0x080059cd   Thumb Code    26  stm32f4xx_tim.o(.text)
    TIM_OC3PolarityConfig                    0x080059e7   Thumb Code    26  stm32f4xx_tim.o(.text)
    TIM_OC3NPolarityConfig                   0x08005a01   Thumb Code    26  stm32f4xx_tim.o(.text)
    TIM_OC4PolarityConfig                    0x08005a1b   Thumb Code    26  stm32f4xx_tim.o(.text)
    TIM_CCxCmd                               0x08005a35   Thumb Code    30  stm32f4xx_tim.o(.text)
    TIM_CCxNCmd                              0x08005a53   Thumb Code    30  stm32f4xx_tim.o(.text)
    TIM_SetIC4Prescaler                      0x08005a71   Thumb Code    26  stm32f4xx_tim.o(.text)
    TIM_SetIC3Prescaler                      0x08005adb   Thumb Code    18  stm32f4xx_tim.o(.text)
    TIM_SetIC2Prescaler                      0x08005b35   Thumb Code    26  stm32f4xx_tim.o(.text)
    TIM_SetIC1Prescaler                      0x08005ba9   Thumb Code    18  stm32f4xx_tim.o(.text)
    TIM_ICInit                               0x08005bf5   Thumb Code   110  stm32f4xx_tim.o(.text)
    TIM_ICStructInit                         0x08005c63   Thumb Code    18  stm32f4xx_tim.o(.text)
    TIM_PWMIConfig                           0x08005c75   Thumb Code   124  stm32f4xx_tim.o(.text)
    TIM_GetCapture1                          0x08005cf1   Thumb Code     6  stm32f4xx_tim.o(.text)
    TIM_GetCapture2                          0x08005cf7   Thumb Code     6  stm32f4xx_tim.o(.text)
    TIM_GetCapture3                          0x08005cfd   Thumb Code     6  stm32f4xx_tim.o(.text)
    TIM_GetCapture4                          0x08005d03   Thumb Code     6  stm32f4xx_tim.o(.text)
    TIM_BDTRConfig                           0x08005d09   Thumb Code    32  stm32f4xx_tim.o(.text)
    TIM_BDTRStructInit                       0x08005d29   Thumb Code    18  stm32f4xx_tim.o(.text)
    TIM_CtrlPWMOutputs                       0x08005d3b   Thumb Code    30  stm32f4xx_tim.o(.text)
    TIM_SelectCOM                            0x08005d59   Thumb Code    24  stm32f4xx_tim.o(.text)
    TIM_CCPreloadControl                     0x08005d71   Thumb Code    24  stm32f4xx_tim.o(.text)
    TIM_ITConfig                             0x08005d89   Thumb Code    18  stm32f4xx_tim.o(.text)
    TIM_GenerateEvent                        0x08005d9b   Thumb Code     4  stm32f4xx_tim.o(.text)
    TIM_GetFlagStatus                        0x08005d9f   Thumb Code    18  stm32f4xx_tim.o(.text)
    TIM_ClearFlag                            0x08005db1   Thumb Code     6  stm32f4xx_tim.o(.text)
    TIM_GetITStatus                          0x08005db7   Thumb Code    34  stm32f4xx_tim.o(.text)
    TIM_ClearITPendingBit                    0x08005dd9   Thumb Code     6  stm32f4xx_tim.o(.text)
    TIM_DMAConfig                            0x08005ddf   Thumb Code    10  stm32f4xx_tim.o(.text)
    TIM_DMACmd                               0x08005de9   Thumb Code    18  stm32f4xx_tim.o(.text)
    TIM_SelectCCDMA                          0x08005dfb   Thumb Code    24  stm32f4xx_tim.o(.text)
    TIM_InternalClockConfig                  0x08005e13   Thumb Code    12  stm32f4xx_tim.o(.text)
    TIM_SelectInputTrigger                   0x08005e1f   Thumb Code    18  stm32f4xx_tim.o(.text)
    TIM_ITRxExternalClockConfig              0x08005e31   Thumb Code    24  stm32f4xx_tim.o(.text)
    TIM_TIxExternalClockConfig               0x08005e49   Thumb Code    62  stm32f4xx_tim.o(.text)
    TIM_ETRConfig                            0x08005e87   Thumb Code    28  stm32f4xx_tim.o(.text)
    TIM_ETRClockMode1Config                  0x08005ea3   Thumb Code    54  stm32f4xx_tim.o(.text)
    TIM_ETRClockMode2Config                  0x08005ed9   Thumb Code    32  stm32f4xx_tim.o(.text)
    TIM_SelectOutputTrigger                  0x08005ef9   Thumb Code    18  stm32f4xx_tim.o(.text)
    TIM_SelectSlaveMode                      0x08005f0b   Thumb Code    18  stm32f4xx_tim.o(.text)
    TIM_SelectMasterSlaveMode                0x08005f1d   Thumb Code    18  stm32f4xx_tim.o(.text)
    TIM_EncoderInterfaceConfig               0x08005f2f   Thumb Code    66  stm32f4xx_tim.o(.text)
    TIM_SelectHallSensor                     0x08005f71   Thumb Code    24  stm32f4xx_tim.o(.text)
    TIM_RemapConfig                          0x08005f89   Thumb Code     6  stm32f4xx_tim.o(.text)
    mymemcpy                                 0x08005f91   Thumb Code    26  malloc.o(.text)
    mymemset                                 0x08005fab   Thumb Code    20  malloc.o(.text)
    my_mem_init                              0x08005fbf   Thumb Code    54  malloc.o(.text)
    my_mem_perused                           0x08005ff5   Thumb Code    54  malloc.o(.text)
    my_mem_malloc                            0x0800602b   Thumb Code   154  malloc.o(.text)
    my_mem_free                              0x080060c5   Thumb Code    94  malloc.o(.text)
    myfree                                   0x08006123   Thumb Code    32  malloc.o(.text)
    mymalloc                                 0x08006143   Thumb Code    36  malloc.o(.text)
    myrealloc                                0x08006167   Thumb Code    68  malloc.o(.text)
    disk_initialize                          0x080061bd   Thumb Code    58  diskio.o(.text)
    disk_status                              0x080061f7   Thumb Code     6  diskio.o(.text)
    disk_read                                0x080061fd   Thumb Code   112  diskio.o(.text)
    disk_write                               0x0800626d   Thumb Code   112  diskio.o(.text)
    disk_ioctl                               0x080062dd   Thumb Code   176  diskio.o(.text)
    get_fattime                              0x0800638d   Thumb Code     4  diskio.o(.text)
    ff_memalloc                              0x08006391   Thumb Code    14  diskio.o(.text)
    ff_memfree                               0x0800639f   Thumb Code    14  diskio.o(.text)
    clust2sect                               0x08006563   Thumb Code    26  ff.o(.text)
    get_fat                                  0x0800657d   Thumb Code   232  ff.o(.text)
    put_fat                                  0x08006665   Thumb Code   310  ff.o(.text)
    dir_sdi                                  0x0800690f   Thumb Code   158  ff.o(.text)
    f_mount                                  0x08007981   Thumb Code    86  ff.o(.text)
    f_open                                   0x080079d7   Thumb Code   364  ff.o(.text)
    f_read                                   0x08007b43   Thumb Code   448  ff.o(.text)
    f_write                                  0x08007d03   Thumb Code   490  ff.o(.text)
    f_sync                                   0x08007eed   Thumb Code   176  ff.o(.text)
    f_close                                  0x08007f9d   Thumb Code    36  ff.o(.text)
    f_lseek                                  0x08007fc1   Thumb Code   654  ff.o(.text)
    f_opendir                                0x0800824f   Thumb Code   118  ff.o(.text)
    f_closedir                               0x080082c5   Thumb Code    22  ff.o(.text)
    f_readdir                                0x080082db   Thumb Code   100  ff.o(.text)
    f_stat                                   0x0800833f   Thumb Code    68  ff.o(.text)
    f_getfree                                0x08008383   Thumb Code   258  ff.o(.text)
    f_truncate                               0x08008485   Thumb Code   184  ff.o(.text)
    f_unlink                                 0x0800853d   Thumb Code   178  ff.o(.text)
    f_mkdir                                  0x080085ef   Thumb Code   358  ff.o(.text)
    f_chmod                                  0x08008755   Thumb Code    92  ff.o(.text)
    f_utime                                  0x080087b1   Thumb Code    94  ff.o(.text)
    f_rename                                 0x0800880f   Thumb Code   292  ff.o(.text)
    f_getlabel                               0x08008933   Thumb Code   190  ff.o(.text)
    f_setlabel                               0x080089f1   Thumb Code   470  ff.o(.text)
    f_mkfs                                   0x08008bc7   Thumb Code  1570  ff.o(.text)
    f_gets                                   0x080091e9   Thumb Code    82  ff.o(.text)
    f_putc                                   0x0800927f   Thumb Code    64  ff.o(.text)
    f_puts                                   0x080092bf   Thumb Code    74  ff.o(.text)
    f_printf                                 0x08009309   Thumb Code   674  ff.o(.text)
    exfuns_init                              0x080095ad   Thumb Code   114  exfuns.o(.text)
    char_upper                               0x0800961f   Thumb Code    26  exfuns.o(.text)
    f_typetell                               0x08009639   Thumb Code   172  exfuns.o(.text)
    exf_getfree                              0x080096e5   Thumb Code    74  exfuns.o(.text)
    ff_convert                               0x08009745   Thumb Code   116  cc936.o(.text)
    ff_wtoupper                              0x080097b9   Thumb Code    46  cc936.o(.text)
    USB_OTG_WritePacket                      0x08009899   Thumb Code    64  usb_core.o(.text)
    USB_OTG_ReadPacket                       0x080098d9   Thumb Code    40  usb_core.o(.text)
    USB_OTG_SelectCore                       0x08009901   Thumb Code   204  usb_core.o(.text)
    USB_OTG_CoreInit                         0x080099cd   Thumb Code   294  usb_core.o(.text)
    USB_OTG_EnableGlobalInt                  0x08009af3   Thumb Code    34  usb_core.o(.text)
    USB_OTG_DisableGlobalInt                 0x08009b15   Thumb Code    34  usb_core.o(.text)
    USB_OTG_FlushTxFifo                      0x08009b37   Thumb Code    80  usb_core.o(.text)
    USB_OTG_FlushRxFifo                      0x08009b87   Thumb Code    70  usb_core.o(.text)
    USB_OTG_SetCurrentMode                   0x08009bcd   Thumb Code    78  usb_core.o(.text)
    USB_OTG_GetMode                          0x08009c1b   Thumb Code    22  usb_core.o(.text)
    USB_OTG_IsDeviceMode                     0x08009c31   Thumb Code    22  usb_core.o(.text)
    USB_OTG_IsHostMode                       0x08009c47   Thumb Code    20  usb_core.o(.text)
    USB_OTG_ReadCoreItr                      0x08009c5b   Thumb Code    16  usb_core.o(.text)
    USB_OTG_ReadOtgItr                       0x08009c6b   Thumb Code     8  usb_core.o(.text)
    USB_OTG_EnableHostInt                    0x08009c73   Thumb Code   116  usb_core.o(.text)
    USB_OTG_ReadHPRT0                        0x08009ce7   Thumb Code    48  usb_core.o(.text)
    USB_OTG_DriveVbus                        0x08009d17   Thumb Code    92  usb_core.o(.text)
    USB_OTG_ResetPort                        0x08009d73   Thumb Code    64  usb_core.o(.text)
    USB_OTG_InitFSLSPClkSel                  0x08009db3   Thumb Code    24  usb_core.o(.text)
    USB_OTG_CoreInitHost                     0x08009dcb   Thumb Code   214  usb_core.o(.text)
    USB_OTG_IsEvenFrame                      0x08009ea1   Thumb Code    16  usb_core.o(.text)
    USB_OTG_ReadHostAllChannels_intr         0x08009eb1   Thumb Code     8  usb_core.o(.text)
    USB_OTG_HC_Init                          0x08009eb9   Thumb Code   568  usb_core.o(.text)
    USB_OTG_HC_StartXfer                     0x0800a0f1   Thumb Code   502  usb_core.o(.text)
    USB_OTG_HC_Halt                          0x0800a2e7   Thumb Code   130  usb_core.o(.text)
    USB_OTG_HC_DoPing                        0x0800a369   Thumb Code    90  usb_core.o(.text)
    USB_OTG_StopHost                         0x0800a3c3   Thumb Code    96  usb_core.o(.text)
    HCD_Init                                 0x0800a423   Thumb Code    96  usb_hcd.o(.text)
    HCD_GetCurrentSpeed                      0x0800a483   Thumb Code    20  usb_hcd.o(.text)
    HCD_ResetPort                            0x0800a497   Thumb Code    14  usb_hcd.o(.text)
    HCD_IsDeviceConnected                    0x0800a4a5   Thumb Code     8  usb_hcd.o(.text)
    HCD_GetCurrentFrame                      0x0800a4ad   Thumb Code    10  usb_hcd.o(.text)
    HCD_GetURB_State                         0x0800a4b7   Thumb Code    10  usb_hcd.o(.text)
    HCD_GetXferCnt                           0x0800a4c1   Thumb Code    12  usb_hcd.o(.text)
    HCD_GetHCState                           0x0800a4cd   Thumb Code    10  usb_hcd.o(.text)
    HCD_HC_Init                              0x0800a4d7   Thumb Code    16  usb_hcd.o(.text)
    HCD_SubmitRequest                        0x0800a4e7   Thumb Code    32  usb_hcd.o(.text)
    USBH_OTG_ISR_Handler                     0x0800b2cf   Thumb Code   168  usb_hcd_int.o(.text)
    USBH_Connected                           0x0800b37d   Thumb Code    12  usbh_core.o(.text)
    USBH_Disconnected                        0x0800b389   Thumb Code    12  usbh_core.o(.text)
    USBH_SOF                                 0x0800b395   Thumb Code     6  usbh_core.o(.text)
    USBH_DeInit                              0x0800b39b   Thumb Code    58  usbh_core.o(.text)
    USBH_Init                                0x0800b3d5   Thumb Code    70  usbh_core.o(.text)
    USBH_HandleControl                       0x0800b41b   Thumb Code   544  usbh_core.o(.text)
    USBH_ErrorHandle                         0x0800b63b   Thumb Code    46  usbh_core.o(.text)
    USBH_Process                             0x0800b841   Thumb Code   428  usbh_core.o(.text)
    USBH_Open_Channel                        0x0800b9ed   Thumb Code   154  usbh_hcs.o(.text)
    USBH_Modify_Channel                      0x0800ba87   Thumb Code   100  usbh_hcs.o(.text)
    USBH_Alloc_Channel                       0x0800bb13   Thumb Code    38  usbh_hcs.o(.text)
    USBH_Free_Channel                        0x0800bb39   Thumb Code    30  usbh_hcs.o(.text)
    USBH_DeAllocate_AllChannel               0x0800bb57   Thumb Code    28  usbh_hcs.o(.text)
    USBH_CtlReq                              0x0800bb8b   Thumb Code   100  usbh_ioreq.o(.text)
    USBH_CtlSendSetup                        0x0800bbef   Thumb Code    66  usbh_ioreq.o(.text)
    USBH_CtlSendData                         0x0800bc31   Thumb Code   110  usbh_ioreq.o(.text)
    USBH_CtlReceiveData                      0x0800bc9f   Thumb Code    70  usbh_ioreq.o(.text)
    USBH_BulkSendData                        0x0800bce5   Thumb Code    94  usbh_ioreq.o(.text)
    USBH_BulkReceiveData                     0x0800bd43   Thumb Code    96  usbh_ioreq.o(.text)
    USBH_InterruptReceiveData                0x0800bda3   Thumb Code   120  usbh_ioreq.o(.text)
    USBH_InterruptSendData                   0x0800be1b   Thumb Code   118  usbh_ioreq.o(.text)
    USBH_IsocReceiveData                     0x0800be91   Thumb Code    70  usbh_ioreq.o(.text)
    USBH_IsocSendData                        0x0800bed7   Thumb Code    68  usbh_ioreq.o(.text)
    USBH_GetDescriptor                       0x0800bf75   Thumb Code    68  usbh_stdreq.o(.text)
    USBH_Get_DevDesc                         0x0800bfb9   Thumb Code    56  usbh_stdreq.o(.text)
    USBH_GetNextDesc                         0x0800c037   Thumb Code    18  usbh_stdreq.o(.text)
    USBH_Get_CfgDesc                         0x0800c15f   Thumb Code    88  usbh_stdreq.o(.text)
    USBH_Get_StringDesc                      0x0800c1ed   Thumb Code    60  usbh_stdreq.o(.text)
    USBH_SetAddress                          0x0800c229   Thumb Code    38  usbh_stdreq.o(.text)
    USBH_SetCfg                              0x0800c24f   Thumb Code    38  usbh_stdreq.o(.text)
    USBH_SetInterface                        0x0800c275   Thumb Code    44  usbh_stdreq.o(.text)
    USBH_ClrFeature                          0x0800c2a1   Thumb Code    76  usbh_stdreq.o(.text)
    USBH_MSC_Init                            0x0800c2f9   Thumb Code    44  usbh_msc_bot.o(.text)
    USBH_MSC_BOT_Abort                       0x0800c325   Thumb Code    86  usbh_msc_bot.o(.text)
    USBH_MSC_DecodeCSW                       0x0800c37b   Thumb Code   108  usbh_msc_bot.o(.text)
    USBH_MSC_HandleBOTXfer                   0x0800c3e7   Thumb Code   866  usbh_msc_bot.o(.text)
    USBH_MSC_ErrorHandle                     0x0800c86d   Thumb Code    58  usbh_msc_core.o(.text)
    USBH_MSC_TestUnitReady                   0x0800ca99   Thumb Code   162  usbh_msc_scsi.o(.text)
    USBH_MSC_ReadCapacity10                  0x0800cb3b   Thumb Code   202  usbh_msc_scsi.o(.text)
    USBH_MSC_ModeSense6                      0x0800cc05   Thumb Code   192  usbh_msc_scsi.o(.text)
    USBH_MSC_RequestSense                    0x0800ccc5   Thumb Code   208  usbh_msc_scsi.o(.text)
    USBH_MSC_Write10                         0x0800cd95   Thumb Code   218  usbh_msc_scsi.o(.text)
    USBH_MSC_Read10                          0x0800ce6f   Thumb Code   272  usbh_msc_scsi.o(.text)
    USB_OTG_BSP_Init                         0x0800cf8d   Thumb Code   112  usb_bsp.o(.text)
    USB_OTG_BSP_EnableInterrupt              0x0800cffd   Thumb Code    36  usb_bsp.o(.text)
    USB_OTG_BSP_DisableInterrupt             0x0800d021   Thumb Code     2  usb_bsp.o(.text)
    USB_OTG_BSP_DriveVBUS                    0x0800d023   Thumb Code     2  usb_bsp.o(.text)
    USB_OTG_BSP_ConfigVBUS                   0x0800d025   Thumb Code     2  usb_bsp.o(.text)
    USB_OTG_BSP_uDelay                       0x0800d027   Thumb Code    12  usb_bsp.o(.text)
    USB_OTG_BSP_mDelay                       0x0800d033   Thumb Code    12  usb_bsp.o(.text)
    OTG_FS_IRQHandler                        0x0800d049   Thumb Code    10  usbh_usr.o(.text)
    USBH_USR_Init                            0x0800d053   Thumb Code    22  usbh_usr.o(.text)
    USBH_USR_DeviceAttached                  0x0800d069   Thumb Code    16  usbh_usr.o(.text)
    USBH_USR_DeviceDisconnected              0x0800d079   Thumb Code    16  usbh_usr.o(.text)
    USBH_USR_ResetDevice                     0x0800d089   Thumb Code    10  usbh_usr.o(.text)
    USBH_USR_DeviceSpeedDetected             0x0800d093   Thumb Code    46  usbh_usr.o(.text)
    USBH_USR_Device_DescAvailable            0x0800d0c1   Thumb Code    24  usbh_usr.o(.text)
    USBH_USR_DeviceAddressAssigned           0x0800d0d9   Thumb Code    10  usbh_usr.o(.text)
    USBH_USR_Configuration_DescAvailable     0x0800d0e3   Thumb Code    42  usbh_usr.o(.text)
    USBH_USR_Manufacturer_String             0x0800d10d   Thumb Code    14  usbh_usr.o(.text)
    USBH_USR_Product_String                  0x0800d11b   Thumb Code    14  usbh_usr.o(.text)
    USBH_USR_SerialNum_String                0x0800d129   Thumb Code    14  usbh_usr.o(.text)
    USBH_USR_EnumerationDone                 0x0800d137   Thumb Code    10  usbh_usr.o(.text)
    USBH_USR_DeviceNotSupported              0x0800d141   Thumb Code    10  usbh_usr.o(.text)
    USBH_USR_UserInput                       0x0800d14b   Thumb Code    12  usbh_usr.o(.text)
    USBH_USR_OverCurrentDetected             0x0800d157   Thumb Code    10  usbh_usr.o(.text)
    USBH_USR_MSC_Application                 0x0800d161   Thumb Code    56  usbh_usr.o(.text)
    USBH_USR_DeInit                          0x0800d199   Thumb Code     8  usbh_usr.o(.text)
    USBH_USR_UnrecoveredError                0x0800d1a1   Thumb Code    10  usbh_usr.o(.text)
    USBH_UDISK_Status                        0x0800d1ab   Thumb Code    12  usbh_usr.o(.text)
    USBH_UDISK_Read                          0x0800d1b7   Thumb Code    82  usbh_usr.o(.text)
    USBH_UDISK_Write                         0x0800d209   Thumb Code    82  usbh_usr.o(.text)
    mp3_index_show                           0x0800d455   Thumb Code    56  mp3player.o(.text)
    mp3_vol_show                             0x0800d48d   Thumb Code    36  mp3player.o(.text)
    mp3_msg_show                             0x0800d4b1   Thumb Code   292  mp3player.o(.text)
    mp3_get_tnum                             0x0800d5d5   Thumb Code   116  mp3player.o(.text)
    mp3_play_song                            0x0800d649   Thumb Code   396  mp3player.o(.text)
    mp3_play                                 0x0800d7d5   Thumb Code   624  mp3player.o(.text)
    __use_no_semihosting                     0x0800da51   Thumb Code     2  use_no_semi_2.o(.text)
    __aeabi_ldivmod                          0x0800da53   Thumb Code     0  llsdiv.o(.text)
    _ll_sdiv                                 0x0800da53   Thumb Code    72  llsdiv.o(.text)
    __2printf                                0x0800da9d   Thumb Code    20  noretval__2printf.o(.text)
    _printf_pre_padding                      0x0800dab5   Thumb Code    44  _printf_pad.o(.text)
    _printf_post_padding                     0x0800dae1   Thumb Code    34  _printf_pad.o(.text)
    _printf_str                              0x0800db03   Thumb Code    82  _printf_str.o(.text)
    _printf_int_dec                          0x0800db55   Thumb Code   104  _printf_dec.o(.text)
    _printf_int_hex                          0x0800dbcd   Thumb Code    84  _printf_hex_int.o(.text)
    _printf_longlong_hex                     0x0800dbcd   Thumb Code     0  _printf_hex_int.o(.text)
    __printf                                 0x0800dc25   Thumb Code   308  __printf_flags_wp.o(.text)
    strcpy                                   0x0800dd5d   Thumb Code    72  strcpy.o(.text)
    strcat                                   0x0800dda5   Thumb Code    24  strcat.o(.text)
    __aeabi_memcpy                           0x0800ddbd   Thumb Code     0  rt_memcpy_v6.o(.text)
    __rt_memcpy                              0x0800ddbd   Thumb Code   138  rt_memcpy_v6.o(.text)
    _memcpy_lastbytes                        0x0800de23   Thumb Code     0  rt_memcpy_v6.o(.text)
    strcmp                                   0x0800de49   Thumb Code   128  strcmpv7m.o(.text)
    __use_two_region_memory                  0x0800dec9   Thumb Code     2  heapauxi.o(.text)
    __rt_heap_escrow$2region                 0x0800decb   Thumb Code     2  heapauxi.o(.text)
    __rt_heap_expand$2region                 0x0800decd   Thumb Code     2  heapauxi.o(.text)
    __I$use$semihosting                      0x0800decf   Thumb Code     0  use_no_semi.o(.text)
    __use_no_semihosting_swi                 0x0800decf   Thumb Code     2  use_no_semi.o(.text)
    __aeabi_uldivmod                         0x0800ded1   Thumb Code     0  lludivv7m.o(.text)
    _ll_udiv                                 0x0800ded1   Thumb Code   238  lludivv7m.o(.text)
    _printf_int_common                       0x0800dfbf   Thumb Code   178  _printf_intcommon.o(.text)
    _printf_cs_common                        0x0800e071   Thumb Code    20  _printf_char.o(.text)
    _printf_char                             0x0800e085   Thumb Code    16  _printf_char.o(.text)
    _printf_string                           0x0800e095   Thumb Code     8  _printf_char.o(.text)
    _printf_char_file                        0x0800e09d   Thumb Code    32  _printf_char_file.o(.text)
    __aeabi_memcpy4                          0x0800e0c1   Thumb Code     0  rt_memcpy_w.o(.text)
    __aeabi_memcpy8                          0x0800e0c1   Thumb Code     0  rt_memcpy_w.o(.text)
    __rt_memcpy_w                            0x0800e0c1   Thumb Code   100  rt_memcpy_w.o(.text)
    _memcpy_lastbytes_aligned                0x0800e109   Thumb Code     0  rt_memcpy_w.o(.text)
    _printf_char_common                      0x0800e12f   Thumb Code    32  _printf_char_common.o(.text)
    ferror                                   0x0800e155   Thumb Code     8  ferror.o(.text)
    __user_setup_stackheap                   0x0800e15d   Thumb Code    74  sys_stackheap_outer.o(.text)
    exit                                     0x0800e1a7   Thumb Code    12  exit.o(.text)
    __user_libspace                          0x0800e1b5   Thumb Code     8  libspace.o(.text)
    __user_perproc_libspace                  0x0800e1b5   Thumb Code     0  libspace.o(.text)
    __user_perthread_libspace                0x0800e1b5   Thumb Code     0  libspace.o(.text)
    _is_digit                                0x0800e1bd   Thumb Code    14  __printf_wp.o(i._is_digit)
    _fp_init                                 0x0800e1cb   Thumb Code    10  fpinit.o(x$fpl$fpinit)
    __fplib_config_fpu_vfp                   0x0800e1d3   Thumb Code     0  fpinit.o(x$fpl$fpinit)
    __fplib_config_pureend_doubles           0x0800e1d3   Thumb Code     0  fpinit.o(x$fpl$fpinit)
    bitrate                                  0x0800e1d4   Data          64  vs10xx.o(.constdata)
    F6x8                                     0x0800e214   Data         552  oled_i2c.o(.constdata)
    F8X16                                    0x0800e43c   Data        1520  oled_i2c.o(.constdata)
    memtblsize                               0x0800ea2c   Data          12  malloc.o(.constdata)
    memblksize                               0x0800ea38   Data          12  malloc.o(.constdata)
    memsize                                  0x0800ea44   Data          12  malloc.o(.constdata)
    FILE_TYPE_TBL                            0x0800ea8c   Data         112  exfuns.o(.constdata)
    vs1053b_patch                            0x080397c4   Data       10866  mp3player.o(.constdata)
    Region$$Table$$Base                      0x0803c2b4   Number         0  anon$$obj.o(Region$$Table)
    Region$$Table$$Limit                     0x0803c2d4   Number         0  anon$$obj.o(Region$$Table)
    mem3base                                 0x10000000   Data       61440  malloc.o(.ARM.__AT_0x10000000)
    mem3mapbase                              0x1000f000   Data        3840  malloc.o(.ARM.__AT_0x1000F000)
    SystemCoreClock                          0x20000000   Data           4  system_stm32f4xx.o(.data)
    AHBPrescTable                            0x20000004   Data          16  system_stm32f4xx.o(.data)
    vsset                                    0x20000015   Data           8  vs10xx.o(.data)
    TransferError                            0x2000002a   Data           1  sdio_sdcard.o(.data)
    TransferEnd                              0x2000002b   Data           1  sdio_sdcard.o(.data)
    tempbuff                                 0x2000002c   Data           4  sdio_sdcard.o(.data)
    F16x16                                   0x20000030   Data         128  oled_i2c.o(.data)
    test                                     0x200000b0   Data           1  oled_i2c.o(.data)
    __stdout                                 0x200000b8   Data           4  usart.o(.data)
    USART_RX_STA                             0x200000bc   Data           2  usart.o(.data)
    mallco_dev                               0x200000d0   Data          36  malloc.o(.data)
    file                                     0x200000f8   Data           4  exfuns.o(.data)
    ftemp                                    0x200000fc   Data           4  exfuns.o(.data)
    br                                       0x20000100   Data           4  exfuns.o(.data)
    bw                                       0x20000104   Data           4  exfuns.o(.data)
    fatbuf                                   0x20000108   Data           4  exfuns.o(.data)
    USBH_HCD_INT_cb                          0x2000010c   Data          12  usbh_core.o(.data)
    USBH_HCD_INT_fops                        0x20000118   Data           4  usbh_core.o(.data)
    MSC_Setup                                0x20000138   Data           8  usbh_msc_core.o(.data)
    MSCErrorCount                            0x20000140   Data           1  usbh_msc_core.o(.data)
    USBH_MSC_cb                              0x20000144   Data          16  usbh_msc_core.o(.data)
    USR_Callbacks                            0x2000015c   Data          72  usbh_usr.o(.data)
    f_kbps                                   0x200001a4   Data           2  mp3player.o(.data)
    USB_Host                                 0x200001a8   Data         148  main.o(.bss)
    USB_OTG_Core                             0x2000023c   Data        1452  main.o(.bss)
    SDIO_InitStructure                       0x200007e8   Data          24  sdio_sdcard.o(.bss)
    SDIO_CmdInitStructure                    0x20000800   Data          20  sdio_sdcard.o(.bss)
    SDIO_DataInitStructure                   0x20000814   Data          24  sdio_sdcard.o(.bss)
    SDCardInfo                               0x20000850   Data          88  sdio_sdcard.o(.bss)
    SDIO_DATA_BUFFER                         0x200008a8   Data         512  sdio_sdcard.o(.bss)
    USART_RX_BUF                             0x20000aa8   Data         200  usart.o(.bss)
    mem1base                                 0x20000b80   Data       102400  malloc.o(.bss)
    mem1mapbase                              0x20019b80   Data        6400  malloc.o(.bss)
    fs                                       0x2001b48c   Data          12  exfuns.o(.bss)
    fileinfo                                 0x2001b498   Data          32  exfuns.o(.bss)
    dir                                      0x2001b4b8   Data          36  exfuns.o(.bss)
    USBH_CfgDesc                             0x2001b4dc   Data         512  usbh_stdreq.o(.bss)
    USBH_MSC_CBWData                         0x2001b6dc   Data          32  usbh_msc_bot.o(.bss)
    USBH_MSC_CSWData                         0x2001b6fc   Data          16  usbh_msc_bot.o(.bss)
    USBH_MSC_BOTXferParam                    0x2001b70c   Data          16  usbh_msc_bot.o(.bss)
    MSC_Machine                              0x2001b71c   Data          74  usbh_msc_core.o(.bss)
    USBH_MSC_Param                           0x2001b768   Data          16  usbh_msc_scsi.o(.bss)
    USBH_DataInBuffer                        0x2001b778   Data         512  usbh_msc_scsi.o(.bss)
    USBH_DataOutBuffer                       0x2001b978   Data         512  usbh_msc_scsi.o(.bss)
    __libspace_start                         0x2001bb78   Data          96  libspace.o(.bss)
    __temporary_stack_top$libspace           0x2001bbd8   Data           0  libspace.o(.bss)
    mem2base                                 0x68000000   Data       983040  malloc.o(.ARM.__AT_0x68000000)
    mem2mapbase                              0x680f0000   Data       61440  malloc.o(.ARM.__AT_0x680F0000)



==============================================================================

Memory Map of the image

  Image Entry point : 0x08000189

  Load Region LR_IROM1 (Base: 0x08000000, Size: 0x0003c47c, Max: 0x00100000, ABSOLUTE, COMPRESSED[0x0003c3dc])

    Execution Region ER_IROM1 (Base: 0x08000000, Size: 0x0003c2d4, Max: 0x00100000, ABSOLUTE)

    Base Addr    Size         Type   Attr      Idx    E Section Name        Object

    0x08000000   0x00000188   Data   RO          565    RESET               startup_stm32f40_41xxx.o
    0x08000188   0x00000008   Code   RO         1348  * !!!main             c_w.l(__main.o)
    0x08000190   0x00000034   Code   RO         1533    !!!scatter          c_w.l(__scatter.o)
    0x080001c4   0x0000005a   Code   RO         1531    !!dczerorl2         c_w.l(__dczerorl2.o)
    0x0800021e   0x00000002   PAD
    0x08000220   0x0000001c   Code   RO         1535    !!handler_zi        c_w.l(__scatter_zi.o)
    0x0800023c   0x00000000   Code   RO         1337    .ARM.Collect$$_printf_percent$$00000000  c_w.l(_printf_percent.o)
    0x0800023c   0x00000006   Code   RO         1336    .ARM.Collect$$_printf_percent$$00000009  c_w.l(_printf_d.o)
    0x08000242   0x00000006   Code   RO         1335    .ARM.Collect$$_printf_percent$$0000000C  c_w.l(_printf_x.o)
    0x08000248   0x00000006   Code   RO         1334    .ARM.Collect$$_printf_percent$$00000014  c_w.l(_printf_s.o)
    0x0800024e   0x00000004   Code   RO         1361    .ARM.Collect$$_printf_percent$$00000017  c_w.l(_printf_percent_end.o)
    0x08000252   0x00000002   Code   RO         1402    .ARM.Collect$$libinit$$00000000  c_w.l(libinit.o)
    0x08000254   0x00000004   Code   RO         1412    .ARM.Collect$$libinit$$00000001  c_w.l(libinit2.o)
    0x08000258   0x00000000   Code   RO         1415    .ARM.Collect$$libinit$$00000004  c_w.l(libinit2.o)
    0x08000258   0x00000000   Code   RO         1418    .ARM.Collect$$libinit$$0000000A  c_w.l(libinit2.o)
    0x08000258   0x00000000   Code   RO         1420    .ARM.Collect$$libinit$$0000000C  c_w.l(libinit2.o)
    0x08000258   0x00000000   Code   RO         1422    .ARM.Collect$$libinit$$0000000E  c_w.l(libinit2.o)
    0x08000258   0x00000000   Code   RO         1425    .ARM.Collect$$libinit$$00000011  c_w.l(libinit2.o)
    0x08000258   0x00000000   Code   RO         1427    .ARM.Collect$$libinit$$00000013  c_w.l(libinit2.o)
    0x08000258   0x00000000   Code   RO         1429    .ARM.Collect$$libinit$$00000015  c_w.l(libinit2.o)
    0x08000258   0x00000000   Code   RO         1431    .ARM.Collect$$libinit$$00000017  c_w.l(libinit2.o)
    0x08000258   0x00000000   Code   RO         1433    .ARM.Collect$$libinit$$00000019  c_w.l(libinit2.o)
    0x08000258   0x00000000   Code   RO         1435    .ARM.Collect$$libinit$$0000001B  c_w.l(libinit2.o)
    0x08000258   0x00000000   Code   RO         1437    .ARM.Collect$$libinit$$0000001D  c_w.l(libinit2.o)
    0x08000258   0x00000000   Code   RO         1439    .ARM.Collect$$libinit$$0000001F  c_w.l(libinit2.o)
    0x08000258   0x00000000   Code   RO         1441    .ARM.Collect$$libinit$$00000021  c_w.l(libinit2.o)
    0x08000258   0x00000000   Code   RO         1443    .ARM.Collect$$libinit$$00000023  c_w.l(libinit2.o)
    0x08000258   0x00000000   Code   RO         1445    .ARM.Collect$$libinit$$00000025  c_w.l(libinit2.o)
    0x08000258   0x00000000   Code   RO         1449    .ARM.Collect$$libinit$$0000002C  c_w.l(libinit2.o)
    0x08000258   0x00000000   Code   RO         1451    .ARM.Collect$$libinit$$0000002E  c_w.l(libinit2.o)
    0x08000258   0x00000000   Code   RO         1453    .ARM.Collect$$libinit$$00000030  c_w.l(libinit2.o)
    0x08000258   0x00000000   Code   RO         1455    .ARM.Collect$$libinit$$00000032  c_w.l(libinit2.o)
    0x08000258   0x00000002   Code   RO         1456    .ARM.Collect$$libinit$$00000033  c_w.l(libinit2.o)
    0x0800025a   0x00000002   Code   RO         1484    .ARM.Collect$$libshutdown$$00000000  c_w.l(libshutdown.o)
    0x0800025c   0x00000000   Code   RO         1499    .ARM.Collect$$libshutdown$$00000003  c_w.l(libshutdown2.o)
    0x0800025c   0x00000000   Code   RO         1502    .ARM.Collect$$libshutdown$$00000006  c_w.l(libshutdown2.o)
    0x0800025c   0x00000000   Code   RO         1505    .ARM.Collect$$libshutdown$$00000009  c_w.l(libshutdown2.o)
    0x0800025c   0x00000000   Code   RO         1507    .ARM.Collect$$libshutdown$$0000000B  c_w.l(libshutdown2.o)
    0x0800025c   0x00000000   Code   RO         1510    .ARM.Collect$$libshutdown$$0000000E  c_w.l(libshutdown2.o)
    0x0800025c   0x00000002   Code   RO         1511    .ARM.Collect$$libshutdown$$0000000F  c_w.l(libshutdown2.o)
    0x0800025e   0x00000000   Code   RO         1352    .ARM.Collect$$rtentry$$00000000  c_w.l(__rtentry.o)
    0x0800025e   0x00000000   Code   RO         1365    .ARM.Collect$$rtentry$$00000002  c_w.l(__rtentry2.o)
    0x0800025e   0x00000006   Code   RO         1377    .ARM.Collect$$rtentry$$00000004  c_w.l(__rtentry4.o)
    0x08000264   0x00000000   Code   RO         1367    .ARM.Collect$$rtentry$$00000009  c_w.l(__rtentry2.o)
    0x08000264   0x00000004   Code   RO         1368    .ARM.Collect$$rtentry$$0000000A  c_w.l(__rtentry2.o)
    0x08000268   0x00000000   Code   RO         1370    .ARM.Collect$$rtentry$$0000000C  c_w.l(__rtentry2.o)
    0x08000268   0x00000008   Code   RO         1371    .ARM.Collect$$rtentry$$0000000D  c_w.l(__rtentry2.o)
    0x08000270   0x00000002   Code   RO         1406    .ARM.Collect$$rtexit$$00000000  c_w.l(rtexit.o)
    0x08000272   0x00000000   Code   RO         1458    .ARM.Collect$$rtexit$$00000002  c_w.l(rtexit2.o)
    0x08000272   0x00000004   Code   RO         1459    .ARM.Collect$$rtexit$$00000003  c_w.l(rtexit2.o)
    0x08000276   0x00000006   Code   RO         1460    .ARM.Collect$$rtexit$$00000004  c_w.l(rtexit2.o)
    0x0800027c   0x00000010   Code   RO          516    .emb_text           sys.o
    0x0800028c   0x0000028c   Code   RO            3    .text               main.o
    0x08000518   0x0000001a   Code   RO          247    .text               stm32f4xx_it.o
    0x08000532   0x00000002   PAD
    0x08000534   0x00000210   Code   RO          296    .text               system_stm32f4xx.o
    0x08000744   0x00000040   Code   RO          322    .text               led.o
    0x08000784   0x00000158   Code   RO          342    .text               key.o
    0x080008dc   0x00000134   Code   RO          363    .text               spi.o
    0x08000a10   0x00000758   Code   RO          386    .text               vs10xx.o
    0x08001168   0x00000070   Code   RO          413    .text               timer.o
    0x080011d8   0x00001d60   Code   RO          433    .text               sdio_sdcard.o
    0x08002f38   0x000008fe   Code   RO          467    .text               oled_i2c.o
    0x08003836   0x00000002   PAD
    0x08003838   0x00000104   Code   RO          494    .text               delay.o
    0x0800393c   0x00000148   Code   RO          534    .text               usart.o
    0x08003a84   0x00000040   Code   RO          566    .text               startup_stm32f40_41xxx.o
    0x08003ac4   0x000000e0   Code   RO          572    .text               misc.o
    0x08003ba4   0x000003a8   Code   RO          592    .text               stm32f4xx_dma.o
    0x08003f4c   0x00000294   Code   RO          635    .text               stm32f4xx_gpio.o
    0x080041e0   0x0000065c   Code   RO          655    .text               stm32f4xx_rcc.o
    0x0800483c   0x000001dc   Code   RO          677    .text               stm32f4xx_sdio.o
    0x08004a18   0x00000454   Code   RO          717    .text               stm32f4xx_usart.o
    0x08004e6c   0x00000480   Code   RO          737    .text               stm32f4xx_spi.o
    0x080052ec   0x00000ca2   Code   RO          757    .text               stm32f4xx_tim.o
    0x08005f8e   0x00000002   PAD
    0x08005f90   0x0000022c   Code   RO          797    .text               malloc.o
    0x080061bc   0x000001f8   Code   RO          829    .text               diskio.o
    0x080063b4   0x000031f6   Code   RO          853    .text               ff.o
    0x080095aa   0x00000002   PAD
    0x080095ac   0x00000198   Code   RO          874    .text               exfuns.o
    0x08009744   0x000000b4   Code   RO          938    .text               cc936.o
    0x080097f8   0x00000c2a   Code   RO          963    .text               usb_core.o
    0x0800a422   0x000000e4   Code   RO          983    .text               usb_hcd.o
    0x0800a506   0x00000002   PAD
    0x0800a508   0x00000e74   Code   RO         1003    .text               usb_hcd_int.o
    0x0800b37c   0x00000670   Code   RO         1023    .text               usbh_core.o
    0x0800b9ec   0x00000186   Code   RO         1049    .text               usbh_hcs.o
    0x0800bb72   0x000003a8   Code   RO         1069    .text               usbh_ioreq.o
    0x0800bf1a   0x00000002   PAD
    0x0800bf1c   0x000003dc   Code   RO         1089    .text               usbh_stdreq.o
    0x0800c2f8   0x00000454   Code   RO         1116    .text               usbh_msc_bot.o
    0x0800c74c   0x0000034c   Code   RO         1143    .text               usbh_msc_core.o
    0x0800ca98   0x000004f4   Code   RO         1170    .text               usbh_msc_scsi.o
    0x0800cf8c   0x000000bc   Code   RO         1197    .text               usb_bsp.o
    0x0800d048   0x0000040c   Code   RO         1217    .text               usbh_usr.o
    0x0800d454   0x000005fc   Code   RO         1245    .text               mp3player.o
    0x0800da50   0x00000002   Code   RO         1276    .text               c_w.l(use_no_semi_2.o)
    0x0800da52   0x00000048   Code   RO         1278    .text               c_w.l(llsdiv.o)
    0x0800da9a   0x00000002   PAD
    0x0800da9c   0x00000018   Code   RO         1282    .text               c_w.l(noretval__2printf.o)
    0x0800dab4   0x0000004e   Code   RO         1286    .text               c_w.l(_printf_pad.o)
    0x0800db02   0x00000052   Code   RO         1288    .text               c_w.l(_printf_str.o)
    0x0800db54   0x00000078   Code   RO         1290    .text               c_w.l(_printf_dec.o)
    0x0800dbcc   0x00000058   Code   RO         1295    .text               c_w.l(_printf_hex_int.o)
    0x0800dc24   0x00000138   Code   RO         1325    .text               c_w.l(__printf_flags_wp.o)
    0x0800dd5c   0x00000048   Code   RO         1338    .text               c_w.l(strcpy.o)
    0x0800dda4   0x00000018   Code   RO         1340    .text               c_w.l(strcat.o)
    0x0800ddbc   0x0000008a   Code   RO         1342    .text               c_w.l(rt_memcpy_v6.o)
    0x0800de46   0x00000002   PAD
    0x0800de48   0x00000080   Code   RO         1344    .text               c_w.l(strcmpv7m.o)
    0x0800dec8   0x00000006   Code   RO         1346    .text               c_w.l(heapauxi.o)
    0x0800dece   0x00000002   Code   RO         1350    .text               c_w.l(use_no_semi.o)
    0x0800ded0   0x000000ee   Code   RO         1353    .text               c_w.l(lludivv7m.o)
    0x0800dfbe   0x000000b2   Code   RO         1355    .text               c_w.l(_printf_intcommon.o)
    0x0800e070   0x0000002c   Code   RO         1357    .text               c_w.l(_printf_char.o)
    0x0800e09c   0x00000024   Code   RO         1359    .text               c_w.l(_printf_char_file.o)
    0x0800e0c0   0x00000064   Code   RO         1362    .text               c_w.l(rt_memcpy_w.o)
    0x0800e124   0x00000030   Code   RO         1383    .text               c_w.l(_printf_char_common.o)
    0x0800e154   0x00000008   Code   RO         1385    .text               c_w.l(ferror.o)
    0x0800e15c   0x0000004a   Code   RO         1389    .text               c_w.l(sys_stackheap_outer.o)
    0x0800e1a6   0x0000000c   Code   RO         1395    .text               c_w.l(exit.o)
    0x0800e1b2   0x00000002   PAD
    0x0800e1b4   0x00000008   Code   RO         1403    .text               c_w.l(libspace.o)
    0x0800e1bc   0x0000000e   Code   RO         1323    i._is_digit         c_w.l(__printf_wp.o)
    0x0800e1ca   0x0000000a   Code   RO         1472    x$fpl$fpinit        fz_wm.l(fpinit.o)
    0x0800e1d4   0x00000040   Data   RO          387    .constdata          vs10xx.o
    0x0800e214   0x00000818   Data   RO          468    .constdata          oled_i2c.o
    0x0800ea2c   0x00000024   Data   RO          803    .constdata          malloc.o
    0x0800ea50   0x0000003a   Data   RO          855    .constdata          ff.o
    0x0800ea8a   0x00000002   PAD
    0x0800ea8c   0x00000070   Data   RO          876    .constdata          exfuns.o
    0x0800eafc   0x0002acc8   Data   RO          939    .constdata          cc936.o
    0x080397c4   0x00002a72   Data   RO         1246    .constdata          mp3player.o
    0x0803c236   0x00000028   Data   RO         1296    .constdata          c_w.l(_printf_hex_int.o)
    0x0803c25e   0x00000011   Data   RO         1326    .constdata          c_w.l(__printf_flags_wp.o)
    0x0803c26f   0x00000001   PAD
    0x0803c270   0x00000044   Data   RO          877    .conststring        exfuns.o
    0x0803c2b4   0x00000020   Data   RO         1529    Region$$Table       anon$$obj.o


    Execution Region RW_IRAM1 (Base: 0x20000000, Size: 0x0001c1d8, Max: 0x00020000, ABSOLUTE, COMPRESSED[0x00000108])

    Base Addr    Size         Type   Attr      Idx    E Section Name        Object

    0x20000000   0x00000014   Data   RW          297    .data               system_stm32f4xx.o
    0x20000014   0x00000001   Data   RW          343    .data               key.o
    0x20000015   0x00000008   Data   RW          388    .data               vs10xx.o
    0x2000001d   0x00000003   PAD
    0x20000020   0x00000010   Data   RW          435    .data               sdio_sdcard.o
    0x20000030   0x00000081   Data   RW          469    .data               oled_i2c.o
    0x200000b1   0x00000001   PAD
    0x200000b2   0x00000004   Data   RW          495    .data               delay.o
    0x200000b6   0x00000002   PAD
    0x200000b8   0x00000006   Data   RW          536    .data               usart.o
    0x200000be   0x00000010   Data   RW          656    .data               stm32f4xx_rcc.o
    0x200000ce   0x00000002   PAD
    0x200000d0   0x00000024   Data   RW          804    .data               malloc.o
    0x200000f4   0x00000002   Data   RW          856    .data               ff.o
    0x200000f6   0x00000002   PAD
    0x200000f8   0x00000014   Data   RW          878    .data               exfuns.o
    0x2000010c   0x00000012   Data   RW         1024    .data               usbh_core.o
    0x2000011e   0x00000003   Data   RW         1091    .data               usbh_stdreq.o
    0x20000121   0x00000003   PAD
    0x20000124   0x00000011   Data   RW         1118    .data               usbh_msc_bot.o
    0x20000135   0x00000003   PAD
    0x20000138   0x0000001d   Data   RW         1145    .data               usbh_msc_core.o
    0x20000155   0x00000001   Data   RW         1172    .data               usbh_msc_scsi.o
    0x20000156   0x00000002   PAD
    0x20000158   0x0000004c   Data   RW         1218    .data               usbh_usr.o
    0x200001a4   0x00000004   Data   RW         1247    .data               mp3player.o
    0x200001a8   0x00000640   Zero   RW            4    .bss                main.o
    0x200007e8   0x000002c0   Zero   RW          434    .bss                sdio_sdcard.o
    0x20000aa8   0x000000c8   Zero   RW          535    .bss                usart.o
    0x20000b70   0x00000010   PAD
    0x20000b80   0x0001a900   Zero   RW          802    .bss                malloc.o
    0x2001b480   0x0000000c   Zero   RW          854    .bss                ff.o
    0x2001b48c   0x00000050   Zero   RW          875    .bss                exfuns.o
    0x2001b4dc   0x00000200   Zero   RW         1090    .bss                usbh_stdreq.o
    0x2001b6dc   0x00000040   Zero   RW         1117    .bss                usbh_msc_bot.o
    0x2001b71c   0x0000004a   Zero   RW         1144    .bss                usbh_msc_core.o
    0x2001b766   0x00000002   PAD
    0x2001b768   0x00000410   Zero   RW         1171    .bss                usbh_msc_scsi.o
    0x2001bb78   0x00000060   Zero   RW         1404    .bss                c_w.l(libspace.o)
    0x2001bbd8   0x00000200   Zero   RW          564    HEAP                startup_stm32f40_41xxx.o
    0x2001bdd8   0x00000400   Zero   RW          563    STACK               startup_stm32f40_41xxx.o



  Load Region LR$$.ARM.__AT_0x10000000 (Base: 0x10000000, Size: 0x00000000, Max: 0x0000f000, ABSOLUTE)

    Execution Region ER$$.ARM.__AT_0x10000000 (Base: 0x10000000, Size: 0x0000f000, Max: 0x0000f000, ABSOLUTE, UNINIT)

    Base Addr    Size         Type   Attr      Idx    E Section Name        Object

    0x10000000   0x0000f000   Zero   RW          798    .ARM.__AT_0x10000000  malloc.o



  Load Region LR$$.ARM.__AT_0x1000F000 (Base: 0x1000f000, Size: 0x00000000, Max: 0x00000f00, ABSOLUTE)

    Execution Region ER$$.ARM.__AT_0x1000F000 (Base: 0x1000f000, Size: 0x00000f00, Max: 0x00000f00, ABSOLUTE, UNINIT)

    Base Addr    Size         Type   Attr      Idx    E Section Name        Object

    0x1000f000   0x00000f00   Zero   RW          799    .ARM.__AT_0x1000F000  malloc.o



  Load Region LR$$.ARM.__AT_0x68000000 (Base: 0x68000000, Size: 0x00000000, Max: 0x000f0000, ABSOLUTE)

    Execution Region ER$$.ARM.__AT_0x68000000 (Base: 0x68000000, Size: 0x000f0000, Max: 0x000f0000, ABSOLUTE, UNINIT)

    Base Addr    Size         Type   Attr      Idx    E Section Name        Object

    0x68000000   0x000f0000   Zero   RW          800    .ARM.__AT_0x68000000  malloc.o



  Load Region LR$$.ARM.__AT_0x680F0000 (Base: 0x680f0000, Size: 0x00000000, Max: 0x0000f000, ABSOLUTE)

    Execution Region ER$$.ARM.__AT_0x680F0000 (Base: 0x680f0000, Size: 0x0000f000, Max: 0x0000f000, ABSOLUTE, UNINIT)

    Base Addr    Size         Type   Attr      Idx    E Section Name        Object

    0x680f0000   0x0000f000   Zero   RW          801    .ARM.__AT_0x680F0000  malloc.o


==============================================================================

Image component sizes


      Code (inc. data)   RO Data    RW Data    ZI Data      Debug   Object Name

       180         18     175304          0          0       2233   cc936.o
       260          8          0          4          0       1441   delay.o
       504          8          0          0          0       6485   diskio.o
       408         22        180         20         80       2752   exfuns.o
     12790        136         58          2         12      33878   ff.o
       344         12          0          1          0        916   key.o
        64          4          0          0          0        527   led.o
       652        228          0          0       1600     340048   main.o
       556         18         36         36    1218560       4857   malloc.o
       224         20          0          0          0       1825   misc.o
      1532        244      10866          4          0       3998   mp3player.o
      2302         92       2072        129          0       6658   oled_i2c.o
      7520        282          0         16        704      24981   sdio_sdcard.o
       308          8          0          0          0       1157   spi.o
        64         26        392          0       1536        832   startup_stm32f40_41xxx.o
       936         32          0          0          0       6297   stm32f4xx_dma.o
       660         44          0          0          0       4101   stm32f4xx_gpio.o
        26          0          0          0          0       1226   stm32f4xx_it.o
      1628         52          0         16          0      12892   stm32f4xx_rcc.o
       476         16          0          0          0       7396   stm32f4xx_sdio.o
      1152         36          0          0          0       6849   stm32f4xx_spi.o
      3234         60          0          0          0      22304   stm32f4xx_tim.o
      1108         34          0          0          0       7800   stm32f4xx_usart.o
        16          0          0          0          0        484   sys.o
       528         46          0         20          0       1787   system_stm32f4xx.o
       112          4          0          0          0        800   timer.o
       328         16          0          6        200       3298   usart.o
       188         10          0          0          0       2331   usb_bsp.o
      3114         10          0          0          0      10074   usb_core.o
       228          0          0          0          0       3184   usb_hcd.o
      3700         10          0          0          0       6663   usb_hcd_int.o
      1648         42          0         18          0       6059   usbh_core.o
       390          0          0          0          0       2660   usbh_hcs.o
       936          0          0          0          0       4400   usbh_ioreq.o
      1108         68          0         17         64       5551   usbh_msc_bot.o
       844         28          0         29         74       4249   usbh_msc_core.o
      1268         40          0          1       1040       5218   usbh_msc_scsi.o
       988         12          0          3        512       5889   usbh_stdreq.o
      1036        506          0         76          0       5340   usbh_usr.o
      1880         50         64          8          0       8250   vs10xx.o

    ----------------------------------------------------------------------
     55252       2242     189006        424    1224400     577690   Object Totals
         0          0         32          0          0          0   (incl. Generated)
        12          0          2         18         18          0   (incl. Padding)

    ----------------------------------------------------------------------

      Code (inc. data)   RO Data    RW Data    ZI Data      Debug   Library Member Name

        90          0          0          0          0          0   __dczerorl2.o
         8          0          0          0          0         68   __main.o
       312          4         17          0          0         92   __printf_flags_wp.o
        14          0          0          0          0         68   __printf_wp.o
         0          0          0          0          0          0   __rtentry.o
        12          0          0          0          0          0   __rtentry2.o
         6          0          0          0          0          0   __rtentry4.o
        52          8          0          0          0          0   __scatter.o
        28          0          0          0          0          0   __scatter_zi.o
        44          0          0          0          0        108   _printf_char.o
        48          6          0          0          0         96   _printf_char_common.o
        36          4          0          0          0         80   _printf_char_file.o
         6          0          0          0          0          0   _printf_d.o
       120         16          0          0          0         92   _printf_dec.o
        88          4         40          0          0         88   _printf_hex_int.o
       178          0          0          0          0         88   _printf_intcommon.o
        78          0          0          0          0        108   _printf_pad.o
         0          0          0          0          0          0   _printf_percent.o
         4          0          0          0          0          0   _printf_percent_end.o
         6          0          0          0          0          0   _printf_s.o
        82          0          0          0          0         80   _printf_str.o
         6          0          0          0          0          0   _printf_x.o
        12          0          0          0          0         72   exit.o
         8          0          0          0          0         68   ferror.o
         6          0          0          0          0        152   heapauxi.o
         2          0          0          0          0          0   libinit.o
         6          0          0          0          0          0   libinit2.o
         2          0          0          0          0          0   libshutdown.o
         2          0          0          0          0          0   libshutdown2.o
         8          4          0          0         96         68   libspace.o
        72          0          0          0          0         76   llsdiv.o
       238          0          0          0          0        100   lludivv7m.o
        24          4          0          0          0         84   noretval__2printf.o
       138          0          0          0          0         68   rt_memcpy_v6.o
       100          0          0          0          0         80   rt_memcpy_w.o
         2          0          0          0          0          0   rtexit.o
        10          0          0          0          0          0   rtexit2.o
        24          0          0          0          0         68   strcat.o
       128          0          0          0          0         68   strcmpv7m.o
        72          0          0          0          0         80   strcpy.o
        74          0          0          0          0         80   sys_stackheap_outer.o
         2          0          0          0          0         68   use_no_semi.o
         2          0          0          0          0         68   use_no_semi_2.o
        10          0          0          0          0        116   fpinit.o

    ----------------------------------------------------------------------
      2168         50         58          0         96       2284   Library Totals
         8          0          1          0          0          0   (incl. Padding)

    ----------------------------------------------------------------------

      Code (inc. data)   RO Data    RW Data    ZI Data      Debug   Library Name

      2150         50         57          0         96       2168   c_w.l
        10          0          0          0          0        116   fz_wm.l

    ----------------------------------------------------------------------
      2168         50         58          0         96       2284   Library Totals

    ----------------------------------------------------------------------

==============================================================================


      Code (inc. data)   RO Data    RW Data    ZI Data      Debug   

     57420       2292     189064        424    1224496     570430   Grand Totals
     57420       2292     189064        264    1224496     570430   ELF Image Totals (compressed)
     57420       2292     189064        264          0          0   ROM Totals

==============================================================================

    Total RO  Size (Code + RO Data)               246484 ( 240.71kB)
    Total RW  Size (RW Data + ZI Data)           1224920 (1196.21kB)
    Total ROM Size (Code + RO Data + RW Data)     246748 ( 240.96kB)

==============================================================================

